Component: Arm Compiler for Embedded 6.22 Tool: armlink [5dfeaa00]

==============================================================================

Section Cross References

    startup_stm32u575xx.o(STACK) refers (Special) to heapauxi.o(.text) for __use_two_region_memory
    startup_stm32u575xx.o(HEAP) refers (Special) to heapauxi.o(.text) for __use_two_region_memory
    startup_stm32u575xx.o(RESET) refers (Special) to heapauxi.o(.text) for __use_two_region_memory
    startup_stm32u575xx.o(RESET) refers to startup_stm32u575xx.o(STACK) for __initial_sp
    startup_stm32u575xx.o(RESET) refers to startup_stm32u575xx.o(.text) for Reset_Handler
    startup_stm32u575xx.o(RESET) refers to stm32u5xx_it.o(.text.NMI_Handler) for NMI_Handler
    startup_stm32u575xx.o(RESET) refers to stm32u5xx_it.o(.text.HardFault_Handler) for HardFault_Handler
    startup_stm32u575xx.o(RESET) refers to stm32u5xx_it.o(.text.MemManage_Handler) for MemManage_Handler
    startup_stm32u575xx.o(RESET) refers to stm32u5xx_it.o(.text.BusFault_Handler) for BusFault_Handler
    startup_stm32u575xx.o(RESET) refers to stm32u5xx_it.o(.text.UsageFault_Handler) for UsageFault_Handler
    startup_stm32u575xx.o(RESET) refers to stm32u5xx_it.o(.text.SVC_Handler) for SVC_Handler
    startup_stm32u575xx.o(RESET) refers to stm32u5xx_it.o(.text.DebugMon_Handler) for DebugMon_Handler
    startup_stm32u575xx.o(RESET) refers to stm32u5xx_it.o(.text.PendSV_Handler) for PendSV_Handler
    startup_stm32u575xx.o(RESET) refers to stm32u5xx_it.o(.text.SysTick_Handler) for SysTick_Handler
    startup_stm32u575xx.o(RESET) refers to stm32u5xx_it.o(.text.GPDMA1_Channel0_IRQHandler) for GPDMA1_Channel0_IRQHandler
    startup_stm32u575xx.o(RESET) refers to stm32u5xx_it.o(.text.USART3_IRQHandler) for USART3_IRQHandler
    startup_stm32u575xx.o(.text) refers (Special) to heapauxi.o(.text) for __use_two_region_memory
    startup_stm32u575xx.o(.text) refers to system_stm32u5xx.o(.text.SystemInit) for SystemInit
    startup_stm32u575xx.o(.text) refers to __main.o(!!!main) for __main
    startup_stm32u575xx.o(.text) refers to startup_stm32u575xx.o(HEAP) for Heap_Mem
    startup_stm32u575xx.o(.text) refers to startup_stm32u575xx.o(STACK) for Stack_Mem
    main.o(.text) refers (Special) to use_no_semi_2.o(.text) for __use_no_semihosting
    main.o(.text._sys_exit) refers (Special) to use_no_semi_2.o(.text) for __use_no_semihosting
    main.o(.ARM.exidx.text._sys_exit) refers (Special) to use_no_semi_2.o(.text) for __use_no_semihosting
    main.o(.ARM.exidx.text._sys_exit) refers to main.o(.text._sys_exit) for [Anonymous Symbol]
    main.o(.text._ttywrch) refers (Special) to use_no_semi_2.o(.text) for __use_no_semihosting
    main.o(.ARM.exidx.text._ttywrch) refers (Special) to use_no_semi_2.o(.text) for __use_no_semihosting
    main.o(.ARM.exidx.text._ttywrch) refers to main.o(.text._ttywrch) for [Anonymous Symbol]
    main.o(.text.fputc) refers (Special) to use_no_semi_2.o(.text) for __use_no_semihosting
    main.o(.text.fputc) refers to usart.o(.bss.huart1) for huart1
    main.o(.text.fputc) refers to stm32u5xx_hal_uart.o(.text.HAL_UART_Transmit) for HAL_UART_Transmit
    main.o(.ARM.exidx.text.fputc) refers (Special) to use_no_semi_2.o(.text) for __use_no_semihosting
    main.o(.ARM.exidx.text.fputc) refers to main.o(.text.fputc) for [Anonymous Symbol]
    main.o(.text.main) refers (Special) to use_no_semi_2.o(.text) for __use_no_semihosting
    main.o(.text.main) refers to stm32u5xx_hal.o(.text.HAL_Init) for HAL_Init
    main.o(.text.main) refers to main.o(.text.SystemClock_Config) for SystemClock_Config
    main.o(.text.main) refers to main.o(.text.SystemPower_Config) for SystemPower_Config
    main.o(.text.main) refers to gpio.o(.text.MX_GPIO_Init) for MX_GPIO_Init
    main.o(.text.main) refers to gpdma.o(.text.MX_GPDMA1_Init) for MX_GPDMA1_Init
    main.o(.text.main) refers to tim.o(.text.MX_TIM1_Init) for MX_TIM1_Init
    main.o(.text.main) refers to adc.o(.text.MX_ADC1_Init) for MX_ADC1_Init
    main.o(.text.main) refers to icache.o(.text.MX_ICACHE_Init) for MX_ICACHE_Init
    main.o(.text.main) refers to usart.o(.text.MX_USART1_UART_Init) for MX_USART1_UART_Init
    main.o(.text.main) refers to tim.o(.text.MX_TIM8_Init) for MX_TIM8_Init
    main.o(.text.main) refers to usart.o(.text.MX_USART3_UART_Init) for MX_USART3_UART_Init
    main.o(.text.main) refers to stm32u5xx_hal_pwr_ex.o(.text.HAL_PWREx_EnableVddA) for HAL_PWREx_EnableVddA
    main.o(.text.main) refers to stm32u5xx_hal_pwr_ex.o(.text.HAL_PWREx_EnableVddIO2) for HAL_PWREx_EnableVddIO2
    main.o(.text.main) refers to adc.o(.bss.hadc1) for hadc1
    main.o(.text.main) refers to stm32u5xx_hal_adc_ex.o(.text.HAL_ADCEx_Calibration_Start) for HAL_ADCEx_Calibration_Start
    main.o(.text.main) refers to main.o(.text.Error_Handler) for Error_Handler
    main.o(.text.main) refers to main.o(.bss.adc_values) for adc_values
[...]
    OTG_FS_IRQHandler                        0x080003cd   Thumb Code     0  startup_stm32u575xx.o(.text)
    PVD_PVM_IRQHandler                       0x080003cd   Thumb Code     0  startup_stm32u575xx.o(.text)
    PWR_S3WU_IRQHandler                      0x080003cd   Thumb Code     0  startup_stm32u575xx.o(.text)
    RAMCFG_IRQHandler                        0x080003cd   Thumb Code     0  startup_stm32u575xx.o(.text)
    RCC_IRQHandler                           0x080003cd   Thumb Code     0  startup_stm32u575xx.o(.text)
    RCC_S_IRQHandler                         0x080003cd   Thumb Code     0  startup_stm32u575xx.o(.text)
    RNG_IRQHandler                           0x080003cd   Thumb Code     0  startup_stm32u575xx.o(.text)
    RTC_IRQHandler                           0x080003cd   Thumb Code     0  startup_stm32u575xx.o(.text)
    RTC_S_IRQHandler                         0x080003cd   Thumb Code     0  startup_stm32u575xx.o(.text)
    SAI1_IRQHandler                          0x080003cd   Thumb Code     0  startup_stm32u575xx.o(.text)
    SAI2_IRQHandler                          0x080003cd   Thumb Code     0  startup_stm32u575xx.o(.text)
    SDMMC1_IRQHandler                        0x080003cd   Thumb Code     0  startup_stm32u575xx.o(.text)
    SDMMC2_IRQHandler                        0x080003cd   Thumb Code     0  startup_stm32u575xx.o(.text)
    SPI1_IRQHandler                          0x080003cd   Thumb Code     0  startup_stm32u575xx.o(.text)
    SPI2_IRQHandler                          0x080003cd   Thumb Code     0  startup_stm32u575xx.o(.text)
    SPI3_IRQHandler                          0x080003cd   Thumb Code     0  startup_stm32u575xx.o(.text)
    TAMP_IRQHandler                          0x080003cd   Thumb Code     0  startup_stm32u575xx.o(.text)
    TIM15_IRQHandler                         0x080003cd   Thumb Code     0  startup_stm32u575xx.o(.text)
    TIM16_IRQHandler                         0x080003cd   Thumb Code     0  startup_stm32u575xx.o(.text)
    TIM17_IRQHandler                         0x080003cd   Thumb Code     0  startup_stm32u575xx.o(.text)
    TIM1_BRK_IRQHandler                      0x080003cd   Thumb Code     0  startup_stm32u575xx.o(.text)
    TIM1_CC_IRQHandler                       0x080003cd   Thumb Code     0  startup_stm32u575xx.o(.text)
    TIM1_TRG_COM_IRQHandler                  0x080003cd   Thumb Code     0  startup_stm32u575xx.o(.text)
    TIM1_UP_IRQHandler                       0x080003cd   Thumb Code     0  startup_stm32u575xx.o(.text)
    TIM2_IRQHandler                          0x080003cd   Thumb Code     0  startup_stm32u575xx.o(.text)
    TIM3_IRQHandler                          0x080003cd   Thumb Code     0  startup_stm32u575xx.o(.text)
    TIM4_IRQHandler                          0x080003cd   Thumb Code     0  startup_stm32u575xx.o(.text)
    TIM5_IRQHandler                          0x080003cd   Thumb Code     0  startup_stm32u575xx.o(.text)
    TIM6_IRQHandler                          0x080003cd   Thumb Code     0  startup_stm32u575xx.o(.text)
    TIM7_IRQHandler                          0x080003cd   Thumb Code     0  startup_stm32u575xx.o(.text)
    TIM8_BRK_IRQHandler                      0x080003cd   Thumb Code     0  startup_stm32u575xx.o(.text)
    TIM8_CC_IRQHandler                       0x080003cd   Thumb Code     0  startup_stm32u575xx.o(.text)
    TIM8_TRG_COM_IRQHandler                  0x080003cd   Thumb Code     0  startup_stm32u575xx.o(.text)
    TIM8_UP_IRQHandler                       0x080003cd   Thumb Code     0  startup_stm32u575xx.o(.text)
    TSC_IRQHandler                           0x080003cd   Thumb Code     0  startup_stm32u575xx.o(.text)
    UART4_IRQHandler                         0x080003cd   Thumb Code     0  startup_stm32u575xx.o(.text)
    UART5_IRQHandler                         0x080003cd   Thumb Code     0  startup_stm32u575xx.o(.text)
    UCPD1_IRQHandler                         0x080003cd   Thumb Code     0  startup_stm32u575xx.o(.text)
    USART1_IRQHandler                        0x080003cd   Thumb Code     0  startup_stm32u575xx.o(.text)
    USART2_IRQHandler                        0x080003cd   Thumb Code     0  startup_stm32u575xx.o(.text)
    WWDG_IRQHandler                          0x080003cd   Thumb Code     0  startup_stm32u575xx.o(.text)
    __user_initial_stackheap                 0x080003d1   Thumb Code    10  startup_stm32u575xx.o(.text)
    __use_no_semihosting                     0x080003f5   Thumb Code     2  use_no_semi_2.o(.text)
    __aeabi_uldivmod                         0x080003f7   Thumb Code     0  lludivv7m.o(.text)
    _ll_udiv                                 0x080003f7   Thumb Code   240  lludivv7m.o(.text)
    printf                                   0x080004e9   Thumb Code    20  printf.o(.text)
    sprintf                                  0x08000501   Thumb Code    38  sprintf.o(.text)
    strlen                                   0x0800052d   Thumb Code    62  strlen.o(.text)
    __aeabi_memclr4                          0x0800056b   Thumb Code     0  rt_memclr_w.o(.text)
    __aeabi_memclr8                          0x0800056b   Thumb Code     0  rt_memclr_w.o(.text)
    __rt_memclr_w                            0x0800056b   Thumb Code     0  rt_memclr_w.o(.text)
    _memset_w                                0x0800056f   Thumb Code    74  rt_memclr_w.o(.text)
    __use_two_region_memory                  0x080005b9   Thumb Code     2  heapauxi.o(.text)
    __rt_heap_escrow$2region                 0x080005bb   Thumb Code     2  heapauxi.o(.text)
    __rt_heap_expand$2region                 0x080005bd   Thumb Code     2  heapauxi.o(.text)
    __I$use$semihosting                      0x080005bf   Thumb Code     0  use_no_semi.o(.text)
    __use_no_semihosting_swi                 0x080005bf   Thumb Code     2  use_no_semi.o(.text)
    _printf_pre_padding                      0x080005c1   Thumb Code    44  _printf_pad.o(.text)
    _printf_post_padding                     0x080005ed   Thumb Code    34  _printf_pad.o(.text)
    _printf_truncate_signed                  0x0800060f   Thumb Code    18  _printf_truncate.o(.text)
    _printf_truncate_unsigned                0x08000621   Thumb Code    18  _printf_truncate.o(.text)
    _printf_str                              0x08000633   Thumb Code    82  _printf_str.o(.text)
    _printf_int_dec                          0x08000685   Thumb Code   104  _printf_dec.o(.text)
    _printf_charcount                        0x080006fd   Thumb Code    40  _printf_charcount.o(.text)
    _printf_char_common                      0x0800072f   Thumb Code    32  _printf_char_common.o(.text)
    _sputc                                   0x08000755   Thumb Code    10  _sputc.o(.text)
    _printf_char_file                        0x08000761   Thumb Code    32  _printf_char_file.o(.text)
    _printf_wctomb                           0x08000785   Thumb Code   182  _printf_wctomb.o(.text)
    _printf_longlong_dec                     0x08000841   Thumb Code   108  _printf_longlong_dec.o(.text)
    _printf_longlong_oct                     0x080008bd   Thumb Code    68  _printf_oct_int_ll.o(.text)
    _printf_int_oct                          0x08000901   Thumb Code    24  _printf_oct_int_ll.o(.text)
    _printf_ll_oct                           0x08000919   Thumb Code    12  _printf_oct_int_ll.o(.text)
    _printf_longlong_hex                     0x0800092d   Thumb Code    86  _printf_hex_int_ll_ptr.o(.text)
    _printf_int_hex                          0x08000983   Thumb Code    28  _printf_hex_int_ll_ptr.o(.text)
    _printf_ll_hex                           0x0800099f   Thumb Code    12  _printf_hex_int_ll_ptr.o(.text)
    _printf_hex_ptr                          0x080009ab   Thumb Code    18  _printf_hex_int_ll_ptr.o(.text)
    __printf                                 0x080009c1   Thumb Code   388  __printf_flags_ss_wp.o(.text)
    _ll_udiv10                               0x08000b49   Thumb Code   138  lludiv10.o(.text)
    _printf_int_common                       0x08000bd3   Thumb Code   178  _printf_intcommon.o(.text)
    _printf_fp_dec_real                      0x08000e35   Thumb Code   620  _printf_fp_dec.o(.text)
    _printf_fp_hex_real                      0x080010a1   Thumb Code   756  _printf_fp_hex.o(.text)
    _printf_cs_common                        0x0800139d   Thumb Code    20  _printf_char.o(.text)
    _printf_char                             0x080013b1   Thumb Code    16  _printf_char.o(.text)
    _printf_string                           0x080013c1   Thumb Code     8  _printf_char.o(.text)
    _printf_lcs_common                       0x080013c9   Thumb Code    20  _printf_wchar.o(.text)
    _printf_wchar                            0x080013dd   Thumb Code    16  _printf_wchar.o(.text)
    _printf_wstring                          0x080013ed   Thumb Code     8  _printf_wchar.o(.text)
    ferror                                   0x080013f5   Thumb Code     8  ferror.o(.text)
    _c16rtomb                                0x080013fd   Thumb Code    72  _c16rtomb.o(.text)
    _wcrtomb                                 0x080013fd   Thumb Code     0  _c16rtomb.o(.text)
    __user_setup_stackheap                   0x08001445   Thumb Code    74  sys_stackheap_outer.o(.text)
    __rt_ctype_table                         0x08001491   Thumb Code    16  rt_ctype_table.o(.text)
    __rt_locale                              0x080014a1   Thumb Code     8  rt_locale_intlibspace.o(.text)
    _printf_fp_infnan                        0x080014a9   Thumb Code   112  _printf_fp_infnan.o(.text)
    _btod_etento                             0x08001529   Thumb Code   224  bigflt0.o(.text)
    exit                                     0x0800160d   Thumb Code    18  exit.o(.text)
    __user_libspace                          0x08001621   Thumb Code     8  libspace.o(.text)
    __user_perproc_libspace                  0x08001621   Thumb Code     0  libspace.o(.text)
    __user_perthread_libspace                0x08001621   Thumb Code     0  libspace.o(.text)
    strcmp                                   0x08001629   Thumb Code   124  strcmpv8m_maindsp.o(.text)
    ADC_DMAConvCplt                          0x080016a5   Thumb Code   210  stm32u5xx_hal_adc.o(.text.ADC_DMAConvCplt)
    ADC_DMAError                             0x08001779   Thumb Code    42  stm32u5xx_hal_adc.o(.text.ADC_DMAError)
    ADC_DMAHalfConvCplt                      0x080017a5   Thumb Code    22  stm32u5xx_hal_adc.o(.text.ADC_DMAHalfConvCplt)
    ADC_Disable                              0x080017bd   Thumb Code   196  stm32u5xx_hal_adc.o(.text.ADC_Disable)
    ADC_Enable                               0x08001881   Thumb Code   228  stm32u5xx_hal_adc.o(.text.ADC_Enable)
    BusFault_Handler                         0x08001965   Thumb Code     4  stm32u5xx_it.o(.text.BusFault_Handler)
    DebugMon_Handler                         0x08002529   Thumb Code     2  stm32u5xx_it.o(.text.DebugMon_Handler)
    Error_Handler                            0x0800252d   Thumb Code    14  main.o(.text.Error_Handler)
    GPDMA1_Channel0_IRQHandler               0x0800253d   Thumb Code    16  stm32u5xx_it.o(.text.GPDMA1_Channel0_IRQHandler)
    HAL_ADCEx_Calibration_Start              0x0800254d   Thumb Code   712  stm32u5xx_hal_adc_ex.o(.text.HAL_ADCEx_Calibration_Start)
    HAL_ADC_ConfigChannel                    0x08002815   Thumb Code  3768  stm32u5xx_hal_adc.o(.text.HAL_ADC_ConfigChannel)
    HAL_ADC_ConvCpltCallback                 0x080036cd   Thumb Code    40  main.o(.text.HAL_ADC_ConvCpltCallback)
    HAL_ADC_ConvHalfCpltCallback             0x080036f5   Thumb Code     8  stm32u5xx_hal_adc.o(.text.HAL_ADC_ConvHalfCpltCallback)
    HAL_ADC_ErrorCallback                    0x080036fd   Thumb Code     8  stm32u5xx_hal_adc.o(.text.HAL_ADC_ErrorCallback)
    HAL_ADC_Init                             0x08003705   Thumb Code  1598  stm32u5xx_hal_adc.o(.text.HAL_ADC_Init)
    HAL_ADC_MspInit                          0x08003d45   Thumb Code   424  adc.o(.text.HAL_ADC_MspInit)
    HAL_ADC_Start_DMA                        0x08003eed   Thumb Code   556  stm32u5xx_hal_adc.o(.text.HAL_ADC_Start_DMA)
    HAL_DMAEx_List_BuildNode                 0x08004119   Thumb Code    90  stm32u5xx_hal_dma_ex.o(.text.HAL_DMAEx_List_BuildNode)
    HAL_DMAEx_List_GetNodeConfig             0x08004175   Thumb Code    52  stm32u5xx_hal_dma_ex.o(.text.HAL_DMAEx_List_GetNodeConfig)
    HAL_DMAEx_List_Init                      0x080041a9   Thumb Code   898  stm32u5xx_hal_dma_ex.o(.text.HAL_DMAEx_List_Init)
    HAL_DMAEx_List_InsertNode                0x0800452d   Thumb Code   410  stm32u5xx_hal_dma_ex.o(.text.HAL_DMAEx_List_InsertNode)
    HAL_DMAEx_List_LinkQ                     0x080046c9   Thumb Code   402  stm32u5xx_hal_dma_ex.o(.text.HAL_DMAEx_List_LinkQ)
    HAL_DMAEx_List_SetCircularMode           0x0800485d   Thumb Code   202  stm32u5xx_hal_dma_ex.o(.text.HAL_DMAEx_List_SetCircularMode)
    HAL_DMAEx_List_Start_IT                  0x08004929   Thumb Code   310  stm32u5xx_hal_dma_ex.o(.text.HAL_DMAEx_List_Start_IT)
    HAL_DMA_Abort                            0x08004a61   Thumb Code   278  stm32u5xx_hal_dma.o(.text.HAL_DMA_Abort)
    HAL_DMA_Abort_IT                         0x08004b79   Thumb Code    84  stm32u5xx_hal_dma.o(.text.HAL_DMA_Abort_IT)
    HAL_DMA_ConfigChannelAttributes          0x08004bcd   Thumb Code   114  stm32u5xx_hal_dma.o(.text.HAL_DMA_ConfigChannelAttributes)
    HAL_DMA_IRQHandler                       0x08004c41   Thumb Code   772  stm32u5xx_hal_dma.o(.text.HAL_DMA_IRQHandler)
    HAL_DMA_Start_IT                         0x08004f45   Thumb Code   210  stm32u5xx_hal_dma.o(.text.HAL_DMA_Start_IT)
    HAL_Delay                                0x08005019   Thumb Code    66  stm32u5xx_hal.o(.text.HAL_Delay)
    HAL_GPIO_Init                            0x0800505d   Thumb Code   984  stm32u5xx_hal_gpio.o(.text.HAL_GPIO_Init)
    HAL_GPIO_ReadPin                         0x08005435   Thumb Code    46  stm32u5xx_hal_gpio.o(.text.HAL_GPIO_ReadPin)
    HAL_GPIO_WritePin                        0x08005465   Thumb Code    44  stm32u5xx_hal_gpio.o(.text.HAL_GPIO_WritePin)
    HAL_GetREVID                             0x08005491   Thumb Code    14  stm32u5xx_hal.o(.text.HAL_GetREVID)
    HAL_GetTick                              0x080054a1   Thumb Code    12  stm32u5xx_hal.o(.text.HAL_GetTick)
    HAL_ICACHE_ConfigAssociativityMode       0x080054ad   Thumb Code    64  stm32u5xx_hal_icache.o(.text.HAL_ICACHE_ConfigAssociativityMode)
    HAL_ICACHE_Disable                       0x080054ed   Thumb Code   112  stm32u5xx_hal_icache.o(.text.HAL_ICACHE_Disable)
    HAL_ICACHE_Enable                        0x0800555d   Thumb Code    20  stm32u5xx_hal_icache.o(.text.HAL_ICACHE_Enable)
    HAL_ICACHE_EnableRemapRegion             0x08005571   Thumb Code   156  stm32u5xx_hal_icache.o(.text.HAL_ICACHE_EnableRemapRegion)
    HAL_IncTick                              0x0800560d   Thumb Code    26  stm32u5xx_hal.o(.text.HAL_IncTick)
    HAL_Init                                 0x08005629   Thumb Code   104  stm32u5xx_hal.o(.text.HAL_Init)
    HAL_InitTick                             0x08005691   Thumb Code   134  stm32u5xx_hal.o(.text.HAL_InitTick)
    HAL_MspInit                              0x08005719   Thumb Code    44  stm32u5xx_hal_msp.o(.text.HAL_MspInit)
    HAL_NVIC_EnableIRQ                       0x08005745   Thumb Code    20  stm32u5xx_hal_cortex.o(.text.HAL_NVIC_EnableIRQ)
    HAL_NVIC_SetPriority                     0x08005759   Thumb Code    46  stm32u5xx_hal_cortex.o(.text.HAL_NVIC_SetPriority)
    HAL_NVIC_SetPriorityGrouping             0x08005789   Thumb Code    16  stm32u5xx_hal_cortex.o(.text.HAL_NVIC_SetPriorityGrouping)
    HAL_PWREx_ControlVoltageScaling          0x08005799   Thumb Code   350  stm32u5xx_hal_pwr_ex.o(.text.HAL_PWREx_ControlVoltageScaling)
    HAL_PWREx_DisableUCPDDeadBattery         0x080058f9   Thumb Code    18  stm32u5xx_hal_pwr_ex.o(.text.HAL_PWREx_DisableUCPDDeadBattery)
    HAL_PWREx_EnableVddA                     0x0800590d   Thumb Code    18  stm32u5xx_hal_pwr_ex.o(.text.HAL_PWREx_EnableVddA)
    HAL_PWREx_EnableVddIO2                   0x08005921   Thumb Code    18  stm32u5xx_hal_pwr_ex.o(.text.HAL_PWREx_EnableVddIO2)
    HAL_PWREx_GetVoltageRange                0x08005935   Thumb Code    16  stm32u5xx_hal_pwr_ex.o(.text.HAL_PWREx_GetVoltageRange)
    HAL_RCCEx_GetPLL1ClockFreq               0x08005945   Thumb Code   796  stm32u5xx_hal_rcc_ex.o(.text.HAL_RCCEx_GetPLL1ClockFreq)
    HAL_RCCEx_GetPLL2ClockFreq               0x08005c61   Thumb Code   796  stm32u5xx_hal_rcc_ex.o(.text.HAL_RCCEx_GetPLL2ClockFreq)
    HAL_RCCEx_GetPLL3ClockFreq               0x08005f7d   Thumb Code   796  stm32u5xx_hal_rcc_ex.o(.text.HAL_RCCEx_GetPLL3ClockFreq)
    HAL_RCCEx_GetPeriphCLKFreq               0x08006299   Thumb Code  6022  stm32u5xx_hal_rcc_ex.o(.text.HAL_RCCEx_GetPeriphCLKFreq)
    HAL_RCCEx_PeriphCLKConfig                0x08007a21   Thumb Code  2378  stm32u5xx_hal_rcc_ex.o(.text.HAL_RCCEx_PeriphCLKConfig)
    HAL_RCC_ClockConfig                      0x0800836d   Thumb Code  1320  stm32u5xx_hal_rcc.o(.text.HAL_RCC_ClockConfig)
    HAL_RCC_GetHCLKFreq                      0x08008895   Thumb Code    48  stm32u5xx_hal_rcc.o(.text.HAL_RCC_GetHCLKFreq)
    HAL_RCC_GetPCLK1Freq                     0x080088c5   Thumb Code    34  stm32u5xx_hal_rcc.o(.text.HAL_RCC_GetPCLK1Freq)
    HAL_RCC_GetPCLK2Freq                     0x080088e9   Thumb Code    34  stm32u5xx_hal_rcc.o(.text.HAL_RCC_GetPCLK2Freq)
    HAL_RCC_GetPCLK3Freq                     0x0800890d   Thumb Code    34  stm32u5xx_hal_rcc.o(.text.HAL_RCC_GetPCLK3Freq)
    HAL_RCC_GetSysClockFreq                  0x08008931   Thumb Code   612  stm32u5xx_hal_rcc.o(.text.HAL_RCC_GetSysClockFreq)
    HAL_RCC_OscConfig                        0x08008b95   Thumb Code  4320  stm32u5xx_hal_rcc.o(.text.HAL_RCC_OscConfig)
    HAL_SYSTICK_Config                       0x08009c75   Thumb Code    16  stm32u5xx_hal_cortex.o(.text.HAL_SYSTICK_Config)
    HAL_TIMEx_ConfigBreakDeadTime            0x08009c85   Thumb Code   488  stm32u5xx_hal_tim_ex.o(.text.HAL_TIMEx_ConfigBreakDeadTime)
    HAL_TIMEx_MasterConfigSynchronization    0x08009e6d   Thumb Code   492  stm32u5xx_hal_tim_ex.o(.text.HAL_TIMEx_MasterConfigSynchronization)
    HAL_TIM_Base_Init                        0x0800a059   Thumb Code   168  stm32u5xx_hal_tim.o(.text.HAL_TIM_Base_Init)
    HAL_TIM_Base_MspInit                     0x0800a101   Thumb Code   110  tim.o(.text.HAL_TIM_Base_MspInit)
    HAL_TIM_ConfigClockSource                0x0800a171   Thumb Code   478  stm32u5xx_hal_tim.o(.text.HAL_TIM_ConfigClockSource)
    HAL_TIM_MspPostInit                      0x0800a351   Thumb Code   190  tim.o(.text.HAL_TIM_MspPostInit)
    HAL_TIM_PWM_ConfigChannel                0x0800a411   Thumb Code   432  stm32u5xx_hal_tim.o(.text.HAL_TIM_PWM_ConfigChannel)
    HAL_TIM_PWM_Init                         0x0800a5c1   Thumb Code   168  stm32u5xx_hal_tim.o(.text.HAL_TIM_PWM_Init)
    HAL_TIM_PWM_MspInit                      0x0800a669   Thumb Code     8  stm32u5xx_hal_tim.o(.text.HAL_TIM_PWM_MspInit)
    HAL_TIM_PWM_Start                        0x0800a671   Thumb Code   854  stm32u5xx_hal_tim.o(.text.HAL_TIM_PWM_Start)
    HAL_UARTEx_DisableFifoMode               0x0800a9c9   Thumb Code   124  stm32u5xx_hal_uart_ex.o(.text.HAL_UARTEx_DisableFifoMode)
    HAL_UARTEx_RxEventCallback               0x0800aa45   Thumb Code    12  stm32u5xx_hal_uart.o(.text.HAL_UARTEx_RxEventCallback)
    HAL_UARTEx_RxFifoFullCallback            0x0800aa51   Thumb Code     8  stm32u5xx_hal_uart_ex.o(.text.HAL_UARTEx_RxFifoFullCallback)
    HAL_UARTEx_SetRxFifoThreshold            0x0800aa59   Thumb Code   140  stm32u5xx_hal_uart_ex.o(.text.HAL_UARTEx_SetRxFifoThreshold)
    HAL_UARTEx_SetTxFifoThreshold            0x0800aae5   Thumb Code   140  stm32u5xx_hal_uart_ex.o(.text.HAL_UARTEx_SetTxFifoThreshold)
    HAL_UARTEx_TxFifoEmptyCallback           0x0800ab71   Thumb Code     8  stm32u5xx_hal_uart_ex.o(.text.HAL_UARTEx_TxFifoEmptyCallback)
    HAL_UART_ErrorCallback                   0x0800ab79   Thumb Code     8  stm32u5xx_hal_uart.o(.text.HAL_UART_ErrorCallback)
    HAL_UART_IRQHandler                      0x0800ab81   Thumb Code  1250  stm32u5xx_hal_uart.o(.text.HAL_UART_IRQHandler)
    HAL_UART_Init                            0x0800b065   Thumb Code   170  stm32u5xx_hal_uart.o(.text.HAL_UART_Init)
    HAL_UART_MspInit                         0x0800b111   Thumb Code   398  usart.o(.text.HAL_UART_MspInit)
    HAL_UART_Receive_IT                      0x0800b2a1   Thumb Code   206  stm32u5xx_hal_uart.o(.text.HAL_UART_Receive_IT)
    HAL_UART_RxCpltCallback                  0x0800b371   Thumb Code    64  main.o(.text.HAL_UART_RxCpltCallback)
    HAL_UART_Transmit                        0x0800b3b1   Thumb Code   340  stm32u5xx_hal_uart.o(.text.HAL_UART_Transmit)
    HAL_UART_TxCpltCallback                  0x0800b505   Thumb Code     8  stm32u5xx_hal_uart.o(.text.HAL_UART_TxCpltCallback)
    HardFault_Handler                        0x0800b50d   Thumb Code     4  stm32u5xx_it.o(.text.HardFault_Handler)
    MX_ADC1_Init                             0x0800ba2d   Thumb Code   240  adc.o(.text.MX_ADC1_Init)
    MX_GPDMA1_Init                           0x0800bb1d   Thumb Code    56  gpdma.o(.text.MX_GPDMA1_Init)
    MX_GPIO_Init                             0x0800bb55   Thumb Code   458  gpio.o(.text.MX_GPIO_Init)
    MX_ICACHE_Init                           0x0800bd21   Thumb Code    94  icache.o(.text.MX_ICACHE_Init)
    MX_TIM1_Init                             0x0800bd81   Thumb Code   306  tim.o(.text.MX_TIM1_Init)
    MX_TIM8_Init                             0x0800beb5   Thumb Code   382  tim.o(.text.MX_TIM8_Init)
    MX_USART1_UART_Init                      0x0800c035   Thumb Code   142  usart.o(.text.MX_USART1_UART_Init)
    MX_USART3_UART_Init                      0x0800c0c5   Thumb Code   142  usart.o(.text.MX_USART3_UART_Init)
    MemManage_Handler                        0x0800c155   Thumb Code     4  stm32u5xx_it.o(.text.MemManage_Handler)
    NMI_Handler                              0x0800c159   Thumb Code     4  stm32u5xx_it.o(.text.NMI_Handler)
    PendSV_Handler                           0x0800c1c9   Thumb Code     2  stm32u5xx_it.o(.text.PendSV_Handler)
    SVC_Handler                              0x0800c5f9   Thumb Code     2  stm32u5xx_it.o(.text.SVC_Handler)
    SysTick_Handler                          0x0800c651   Thumb Code     8  stm32u5xx_it.o(.text.SysTick_Handler)
    SystemClock_Config                       0x0800c659   Thumb Code   156  main.o(.text.SystemClock_Config)
    SystemInit                               0x0800c6f5   Thumb Code   118  system_stm32u5xx.o(.text.SystemInit)
    TIM_Base_SetConfig                       0x0800c775   Thumb Code   726  stm32u5xx_hal_tim.o(.text.TIM_Base_SetConfig)
    TIM_CCxChannelCmd                        0x0800ca4d   Thumb Code    54  stm32u5xx_hal_tim.o(.text.TIM_CCxChannelCmd)
    TIM_ETR_SetConfig                        0x0800ca85   Thumb Code    52  stm32u5xx_hal_tim.o(.text.TIM_ETR_SetConfig)
    TIM_OC2_SetConfig                        0x0800ccdd   Thumb Code   528  stm32u5xx_hal_tim.o(.text.TIM_OC2_SetConfig)
    UART_AdvFeatureConfig                    0x0800d685   Thumb Code   328  stm32u5xx_hal_uart.o(.text.UART_AdvFeatureConfig)
    UART_CheckIdleState                      0x0800d7cd   Thumb Code   326  stm32u5xx_hal_uart.o(.text.UART_CheckIdleState)
    UART_SetConfig                           0x0800e37d   Thumb Code   856  stm32u5xx_hal_uart.o(.text.UART_SetConfig)
    UART_Start_Receive_IT                    0x0800e6d5   Thumb Code   546  stm32u5xx_hal_uart.o(.text.UART_Start_Receive_IT)
    UART_WaitOnFlagUntilTimeout              0x0800e8f9   Thumb Code   252  stm32u5xx_hal_uart.o(.text.UART_WaitOnFlagUntilTimeout)
    USART3_IRQHandler                        0x0800e9f5   Thumb Code    16  stm32u5xx_it.o(.text.USART3_IRQHandler)
    UsageFault_Handler                       0x0800ea05   Thumb Code     4  stm32u5xx_it.o(.text.UsageFault_Handler)
    _sys_exit                                0x0800eac9   Thumb Code     8  main.o(.text._sys_exit)
    car_forward_4wd                          0x0800ead1   Thumb Code   176  main.o(.text.car_forward_4wd)
    car_reverse_4wd                          0x0800eb81   Thumb Code   204  main.o(.text.car_reverse_4wd)
    car_stop_4wd                             0x0800ec4d   Thumb Code   160  main.o(.text.car_stop_4wd)
    car_turn_left_4wd                        0x0800ecf1   Thumb Code   224  main.o(.text.car_turn_left_4wd)
    car_turn_right_4wd                       0x0800edd1   Thumb Code   224  main.o(.text.car_turn_right_4wd)
    fputc                                    0x0800eeb1   Thumb Code    40  main.o(.text.fputc)
    main                                     0x0800eed9   Thumb Code  3502  main.o(.text.main)
    set_motor_direction                      0x0800fc89   Thumb Code   160  main.o(.text.set_motor_direction)
    set_motor_speed                          0x0800fd29   Thumb Code   166  main.o(.text.set_motor_speed)
    _btod_d2e                                0x0800fdcf   Thumb Code    62  btod.o(CL$$btod_d2e)
    _d2e_denorm_low                          0x0800fe0d   Thumb Code    70  btod.o(CL$$btod_d2e_denorm_low)
    _d2e_norm_op1                            0x0800fe53   Thumb Code    96  btod.o(CL$$btod_d2e_norm_op1)
    __btod_div_common                        0x0800feb5   Thumb Code   696  btod.o(CL$$btod_div_common)
    _e2e                                     0x080101ed   Thumb Code   220  btod.o(CL$$btod_e2e)
    _btod_ediv                               0x080102c9   Thumb Code    42  btod.o(CL$$btod_ediv)
    _btod_emul                               0x080102f3   Thumb Code    42  btod.o(CL$$btod_emul)
    __btod_mult_common                       0x0801031d   Thumb Code   580  btod.o(CL$$btod_mult_common)
    __ARM_fpclassify                         0x08010561   Thumb Code    48  fpclassify.o(i.__ARM_fpclassify)
    _is_digit                                0x08010591   Thumb Code    14  __printf_wp.o(i._is_digit)
    _get_lc_numeric                          0x080105a1   Thumb Code    44  lc_numeric_c.o(locale$$code)
    _get_lc_ctype                            0x080105cd   Thumb Code    44  lc_ctype_c.o(locale$$code)
    __aeabi_dadd                             0x080105f9   Thumb Code     0  daddsub_clz.o(x$fpl$dadd)
    _dadd                                    0x080105f9   Thumb Code   332  daddsub_clz.o(x$fpl$dadd)
    __aeabi_d2iz                             0x08010749   Thumb Code     0  dfix.o(x$fpl$dfix)
    _dfix                                    0x08010749   Thumb Code    94  dfix.o(x$fpl$dfix)
    __aeabi_i2d                              0x080107a7   Thumb Code     0  dflt_clz.o(x$fpl$dflt)
    _dflt                                    0x080107a7   Thumb Code    46  dflt_clz.o(x$fpl$dflt)
    __fpl_dnaninf                            0x080107d5   Thumb Code   156  dnaninf.o(x$fpl$dnaninf)
    __fpl_dretinf                            0x08010871   Thumb Code    12  dretinf.o(x$fpl$dretinf)
    __aeabi_dsub                             0x0801087d   Thumb Code     0  daddsub_clz.o(x$fpl$dsub)
    _dsub                                    0x0801087d   Thumb Code   472  daddsub_clz.o(x$fpl$dsub)
    _fp_init                                 0x08010a59   Thumb Code    26  fpinit.o(x$fpl$fpinit)
    __fplib_config_fpu_vfp                   0x08010a71   Thumb Code     0  fpinit.o(x$fpl$fpinit)
    __fplib_config_pureend_doubles           0x08010a71   Thumb Code     0  fpinit.o(x$fpl$fpinit)
    _printf_fp_dec                           0x08010a73   Thumb Code     4  printf1.o(x$fpl$printf1)
    _printf_fp_hex                           0x08010a77   Thumb Code     4  printf2.o(x$fpl$printf2)
    __I$use$fp                               0x08010a7a   Number         0  usenofp.o(x$fpl$usenofp)
    AHBPrescTable                            0x08010b78   Data          16  system_stm32u5xx.o(.rodata.AHBPrescTable)
    APBPrescTable                            0x08010b88   Data           8  system_stm32u5xx.o(.rodata.APBPrescTable)
    MSIRangeTable                            0x08010c10   Data          64  system_stm32u5xx.o(.rodata.MSIRangeTable)
    UARTPrescTable                           0x08010c60   Data          24  stm32u5xx_hal_uart.o(.rodata.UARTPrescTable)
    Region$$Table$$Base                      0x08010e90   Number         0  anon$$obj.o(Region$$Table)
    Region$$Table$$Limit                     0x08010eb0   Number         0  anon$$obj.o(Region$$Table)
    __ctype                                  0x08010ed9   Data           0  lc_ctype_c.o(locale$$data)
    Databuff                                 0x20000000   Data          15  main.o(.data.Databuff)
    SystemCoreClock                          0x20000010   Data           4  system_stm32u5xx.o(.data.SystemCoreClock)
    base_speed_back                          0x20000014   Data           2  main.o(.data.base_speed_back)
    base_speed_straight                      0x20000016   Data           2  main.o(.data.base_speed_straight)
    base_speed_turn_inner_slight             0x20000018   Data           2  main.o(.data.base_speed_turn_inner_slight)
    base_speed_turn_outer                    0x2000001a   Data           2  main.o(.data.base_speed_turn_outer)
    uwTickFreq                               0x2000001c   Data           1  stm32u5xx_hal.o(.data.uwTickFreq)
    uwTickPrio                               0x20000020   Data           4  stm32u5xx_hal.o(.data.uwTickPrio)
    __libspace_start                         0x20000028   Data          96  libspace.o(.bss)
    DILE_flag                                0x20000088   Data           2  main.o(.bss.DILE_flag)
    __temporary_stack_top$libspace           0x20000088   Data           0  libspace.o(.bss)
    List_GPDMA1_Channel0                     0x2000008c   Data          24  adc.o(.bss.List_GPDMA1_Channel0)
    Node_GPDMA1_Channel0                     0x200000a4   Data          36  adc.o(.bss.Node_GPDMA1_Channel0)
    __stdout                                 0x200000c8   Data          84  main.o(.bss.__stdout)
    adc_values                               0x2000011c   Data           6  main.o(.bss.adc_values)
    all_black_flag                           0x20000122   Data           2  main.o(.bss.all_black_flag)
    base_speed_turn_inner_sharp              0x20000124   Data           2  main.o(.bss.base_speed_turn_inner_sharp)
    black_num                                0x20000126   Data           2  main.o(.bss.black_num)
    downsomething_falg                       0x20000128   Data           2  main.o(.bss.downsomething_falg)
    downsomething_num                        0x2000012a   Data           2  main.o(.bss.downsomething_num)
    downsomething_ok_falg                    0x2000012c   Data           2  main.o(.bss.downsomething_ok_falg)
    en_black_num_flag                        0x2000012e   Data           2  main.o(.bss.en_black_num_flag)
    flag_adc_vlau                            0x20000130   Data           4  main.o(.bss.flag_adc_vlau)
    flag_uart3_rxover                        0x20000134   Data           4  main.o(.bss.flag_uart3_rxover)
    flag_uart3_tx                            0x20000138   Data           4  main.o(.bss.flag_uart3_tx)
    getsomething_flag                        0x2000013c   Data           2  main.o(.bss.getsomething_flag)
    getsomething_num                         0x2000013e   Data           2  main.o(.bss.getsomething_num)
    getsomething_ok_flag                     0x20000140   Data           2  main.o(.bss.getsomething_ok_flag)
    go_flag                                  0x20000142   Data           2  main.o(.bss.go_flag)
    hadc1                                    0x20000144   Data         140  adc.o(.bss.hadc1)
    handle_GPDMA1_Channel0                   0x200001d0   Data         120  adc.o(.bss.handle_GPDMA1_Channel0)
    htim1                                    0x20000248   Data          76  tim.o(.bss.htim1)
    htim8                                    0x20000294   Data          76  tim.o(.bss.htim8)
    huart1                                   0x200002e0   Data         148  usart.o(.bss.huart1)
    huart3                                   0x20000374   Data         148  usart.o(.bss.huart3)
    is_unloading_flag                        0x20000408   Data           2  main.o(.bss.is_unloading_flag)
    stop_1_ok                                0x2000040a   Data           2  main.o(.bss.stop_1_ok)
    stop_2_ok                                0x2000040c   Data           2  main.o(.bss.stop_2_ok)
    stop_flag                                0x2000040e   Data           2  main.o(.bss.stop_flag)
    turn_Lsharp_flag                         0x20000410   Data           2  main.o(.bss.turn_Lsharp_flag)
    turn_Lslight_flag                        0x20000412   Data           2  main.o(.bss.turn_Lslight_flag)
    turn_Rsharp_flag                         0x20000414   Data           2  main.o(.bss.turn_Rsharp_flag)
    turn_Rslight_flag                        0x20000416   Data           2  main.o(.bss.turn_Rslight_flag)
    tx_buffer_usart3                         0x20000418   Data          30  main.o(.bss.tx_buffer_usart3)
    unload_start_time                        0x20000438   Data           4  main.o(.bss.unload_start_time)
    uwTick                                   0x2000043c   Data           4  stm32u5xx_hal.o(.bss.uwTick)



==============================================================================

Memory Map of the image

  Image Entry point : 0x08000239

  Load Region LR_IROM1 (Base: 0x08000000, Size: 0x00011008, Max: 0x00200000, ABSOLUTE)

    Execution Region ER_IROM1 (Exec base: 0x08000000, Load base: 0x08000000, Size: 0x00010fdc, Max: 0x00200000, ABSOLUTE)

    Exec Addr    Load Addr    Size         Type   Attr      Idx    E Section Name        Object

    0x08000000   0x08000000   0x00000238   Data   RO            3    RESET               startup_stm32u575xx.o
    0x08000238   0x08000238   0x00000008   Code   RO         1951  * !!!main             c_w.l(__main.o)
    0x08000240   0x08000240   0x0000005c   Code   RO         2316    !!!scatter          c_w.l(__scatter.o)
    0x0800029c   0x0800029c   0x0000001a   Code   RO         2320    !!handler_copy      c_w.l(__scatter_copy.o)
    0x080002b6   0x080002b6   0x00000002   PAD
    0x080002b8   0x080002b8   0x00000002   Code   RO         2317    !!handler_null      c_w.l(__scatter.o)
    0x080002ba   0x080002ba   0x00000002   PAD
    0x080002bc   0x080002bc   0x0000001c   Code   RO         2322    !!handler_zi        c_w.l(__scatter_zi.o)
    0x080002d8   0x080002d8   0x00000000   Code   RO         2059    .ARM.Collect$$_printf_percent$$00000000  c_w.l(_printf_percent.o)
    0x080002d8   0x080002d8   0x00000006   Code   RO         2048    .ARM.Collect$$_printf_percent$$00000001  c_w.l(_printf_n.o)
    0x080002de   0x080002de   0x00000006   Code   RO         2050    .ARM.Collect$$_printf_percent$$00000002  c_w.l(_printf_p.o)
    0x080002e4   0x080002e4   0x00000006   Code   RO         2055    .ARM.Collect$$_printf_percent$$00000003  c_w.l(_printf_f.o)
    0x080002ea   0x080002ea   0x00000006   Code   RO         2056    .ARM.Collect$$_printf_percent$$00000004  c_w.l(_printf_e.o)
    0x080002f0   0x080002f0   0x00000006   Code   RO         2057    .ARM.Collect$$_printf_percent$$00000005  c_w.l(_printf_g.o)
    0x080002f6   0x080002f6   0x00000006   Code   RO         2058    .ARM.Collect$$_printf_percent$$00000006  c_w.l(_printf_a.o)
    0x080002fc   0x080002fc   0x0000000a   Code   RO         2063    .ARM.Collect$$_printf_percent$$00000007  c_w.l(_printf_ll.o)
    0x08000306   0x08000306   0x00000006   Code   RO         2052    .ARM.Collect$$_printf_percent$$00000008  c_w.l(_printf_i.o)
    0x0800030c   0x0800030c   0x00000006   Code   RO         2053    .ARM.Collect$$_printf_percent$$00000009  c_w.l(_printf_d.o)
    0x08000312   0x08000312   0x00000006   Code   RO         2054    .ARM.Collect$$_printf_percent$$0000000A  c_w.l(_printf_u.o)
    0x08000318   0x08000318   0x00000006   Code   RO         2051    .ARM.Collect$$_printf_percent$$0000000B  c_w.l(_printf_o.o)
    0x0800031e   0x0800031e   0x00000006   Code   RO         2049    .ARM.Collect$$_printf_percent$$0000000C  c_w.l(_printf_x.o)
    0x08000324   0x08000324   0x00000006   Code   RO         2060    .ARM.Collect$$_printf_percent$$0000000D  c_w.l(_printf_lli.o)
    0x0800032a   0x0800032a   0x00000006   Code   RO         2061    .ARM.Collect$$_printf_percent$$0000000E  c_w.l(_printf_lld.o)
    0x08000330   0x08000330   0x00000006   Code   RO         2062    .ARM.Collect$$_printf_percent$$0000000F  c_w.l(_printf_llu.o)
    0x08000336   0x08000336   0x00000006   Code   RO         2067    .ARM.Collect$$_printf_percent$$00000010  c_w.l(_printf_llo.o)
    0x0800033c   0x0800033c   0x00000006   Code   RO         2068    .ARM.Collect$$_printf_percent$$00000011  c_w.l(_printf_llx.o)
    0x08000342   0x08000342   0x0000000a   Code   RO         2064    .ARM.Collect$$_printf_percent$$00000012  c_w.l(_printf_l.o)
    0x0800034c   0x0800034c   0x00000006   Code   RO         2046    .ARM.Collect$$_printf_percent$$00000013  c_w.l(_printf_c.o)
    0x08000352   0x08000352   0x00000006   Code   RO         2047    .ARM.Collect$$_printf_percent$$00000014  c_w.l(_printf_s.o)
    0x08000358   0x08000358   0x00000006   Code   RO         2065    .ARM.Collect$$_printf_percent$$00000015  c_w.l(_printf_lc.o)
    0x0800035e   0x0800035e   0x00000006   Code   RO         2066    .ARM.Collect$$_printf_percent$$00000016  c_w.l(_printf_ls.o)
    0x08000364   0x08000364   0x00000004   Code   RO         2116    .ARM.Collect$$_printf_percent$$00000017  c_w.l(_printf_percent_end.o)
    0x08000368   0x08000368   0x00000002   Code   RO         2175    .ARM.Collect$$libinit$$00000000  c_w.l(libinit.o)
    0x0800036a   0x0800036a   0x00000004   Code   RO         2198    .ARM.Collect$$libinit$$00000001  c_w.l(libinit2.o)
    0x0800036e   0x0800036e   0x00000000   Code   RO         2201    .ARM.Collect$$libinit$$00000004  c_w.l(libinit2.o)
    0x0800036e   0x0800036e   0x00000000   Code   RO         2203    .ARM.Collect$$libinit$$00000006  c_w.l(libinit2.o)
    0x0800036e   0x0800036e   0x00000000   Code   RO         2206    .ARM.Collect$$libinit$$0000000C  c_w.l(libinit2.o)
    0x0800036e   0x0800036e   0x00000000   Code   RO         2208    .ARM.Collect$$libinit$$0000000E  c_w.l(libinit2.o)
    0x0800036e   0x0800036e   0x00000000   Code   RO         2210    .ARM.Collect$$libinit$$00000010  c_w.l(libinit2.o)
    0x0800036e   0x0800036e   0x00000006   Code   RO         2211    .ARM.Collect$$libinit$$00000011  c_w.l(libinit2.o)
    0x08000374   0x08000374   0x00000000   Code   RO         2213    .ARM.Collect$$libinit$$00000013  c_w.l(libinit2.o)
    0x08000374   0x08000374   0x0000000c   Code   RO         2214    .ARM.Collect$$libinit$$00000014  c_w.l(libinit2.o)
    0x08000380   0x08000380   0x00000000   Code   RO         2215    .ARM.Collect$$libinit$$00000015  c_w.l(libinit2.o)
    0x08000380   0x08000380   0x00000000   Code   RO         2217    .ARM.Collect$$libinit$$00000017  c_w.l(libinit2.o)
    0x08000380   0x08000380   0x0000000a   Code   RO         2218    .ARM.Collect$$libinit$$00000018  c_w.l(libinit2.o)
    0x0800038a   0x0800038a   0x00000000   Code   RO         2219    .ARM.Collect$$libinit$$00000019  c_w.l(libinit2.o)
    0x0800038a   0x0800038a   0x00000000   Code   RO         2221    .ARM.Collect$$libinit$$0000001B  c_w.l(libinit2.o)
    0x0800038a   0x0800038a   0x00000000   Code   RO         2223    .ARM.Collect$$libinit$$0000001D  c_w.l(libinit2.o)
    0x0800038a   0x0800038a   0x00000000   Code   RO         2225    .ARM.Collect$$libinit$$0000001F  c_w.l(libinit2.o)
    0x0800038a   0x0800038a   0x00000000   Code   RO         2227    .ARM.Collect$$libinit$$00000021  c_w.l(libinit2.o)
    0x0800038a   0x0800038a   0x00000000   Code   RO         2229    .ARM.Collect$$libinit$$00000023  c_w.l(libinit2.o)
    0x0800038a   0x0800038a   0x00000000   Code   RO         2231    .ARM.Collect$$libinit$$00000025  c_w.l(libinit2.o)
    0x0800038a   0x0800038a   0x00000000   Code   RO         2233    .ARM.Collect$$libinit$$00000027  c_w.l(libinit2.o)
    0x0800038a   0x0800038a   0x00000000   Code   RO         2237    .ARM.Collect$$libinit$$0000002E  c_w.l(libinit2.o)
    0x0800038a   0x0800038a   0x00000000   Code   RO         2239    .ARM.Collect$$libinit$$00000030  c_w.l(libinit2.o)
    0x0800038a   0x0800038a   0x00000000   Code   RO         2241    .ARM.Collect$$libinit$$00000032  c_w.l(libinit2.o)
    0x0800038a   0x0800038a   0x00000000   Code   RO         2243    .ARM.Collect$$libinit$$00000034  c_w.l(libinit2.o)
    0x0800038a   0x0800038a   0x00000002   Code   RO         2244    .ARM.Collect$$libinit$$00000035  c_w.l(libinit2.o)
    0x0800038c   0x0800038c   0x00000002   Code   RO         2270    .ARM.Collect$$libshutdown$$00000000  c_w.l(libshutdown.o)
    0x0800038e   0x0800038e   0x00000000   Code   RO         2298    .ARM.Collect$$libshutdown$$00000002  c_w.l(libshutdown2.o)
    0x0800038e   0x0800038e   0x00000000   Code   RO         2300    .ARM.Collect$$libshutdown$$00000004  c_w.l(libshutdown2.o)
    0x0800038e   0x0800038e   0x00000000   Code   RO         2303    .ARM.Collect$$libshutdown$$00000007  c_w.l(libshutdown2.o)
    0x0800038e   0x0800038e   0x00000000   Code   RO         2306    .ARM.Collect$$libshutdown$$0000000A  c_w.l(libshutdown2.o)
    0x0800038e   0x0800038e   0x00000000   Code   RO         2308    .ARM.Collect$$libshutdown$$0000000C  c_w.l(libshutdown2.o)
    0x0800038e   0x0800038e   0x00000000   Code   RO         2311    .ARM.Collect$$libshutdown$$0000000F  c_w.l(libshutdown2.o)
    0x0800038e   0x0800038e   0x00000002   Code   RO         2312    .ARM.Collect$$libshutdown$$00000010  c_w.l(libshutdown2.o)
    0x08000390   0x08000390   0x00000000   Code   RO         1971    .ARM.Collect$$rtentry$$00000000  c_w.l(__rtentry.o)
    0x08000390   0x08000390   0x00000000   Code   RO         2083    .ARM.Collect$$rtentry$$00000002  c_w.l(__rtentry2.o)
    0x08000390   0x08000390   0x00000006   Code   RO         2095    .ARM.Collect$$rtentry$$00000004  c_w.l(__rtentry4.o)
    0x08000396   0x08000396   0x00000000   Code   RO         2085    .ARM.Collect$$rtentry$$00000009  c_w.l(__rtentry2.o)
    0x08000396   0x08000396   0x00000004   Code   RO         2086    .ARM.Collect$$rtentry$$0000000A  c_w.l(__rtentry2.o)
    0x0800039a   0x0800039a   0x00000000   Code   RO         2088    .ARM.Collect$$rtentry$$0000000C  c_w.l(__rtentry2.o)
    0x0800039a   0x0800039a   0x00000008   Code   RO         2089    .ARM.Collect$$rtentry$$0000000D  c_w.l(__rtentry2.o)
    0x080003a2   0x080003a2   0x00000002   Code   RO         2183    .ARM.Collect$$rtexit$$00000000  c_w.l(rtexit.o)
    0x080003a4   0x080003a4   0x00000000   Code   RO         2246    .ARM.Collect$$rtexit$$00000002  c_w.l(rtexit2.o)
    0x080003a4   0x080003a4   0x00000004   Code   RO         2247    .ARM.Collect$$rtexit$$00000003  c_w.l(rtexit2.o)
    0x080003a8   0x080003a8   0x00000006   Code   RO         2248    .ARM.Collect$$rtexit$$00000004  c_w.l(rtexit2.o)
    0x080003ae   0x080003ae   0x00000002   PAD
    0x080003b0   0x080003b0   0x00000044   Code   RO            4    .text               startup_stm32u575xx.o
    0x080003f4   0x080003f4   0x00000002   Code   RO         1933    .text               c_w.l(use_no_semi_2.o)
    0x080003f6   0x080003f6   0x000000f0   Code   RO         1935    .text               c_w.l(lludivv7m.o)
    0x080004e6   0x080004e6   0x00000002   PAD
    0x080004e8   0x080004e8   0x00000018   Code   RO         1937    .text               c_w.l(printf.o)
    0x08000500   0x08000500   0x0000002c   Code   RO         1939    .text               c_w.l(sprintf.o)
    0x0800052c   0x0800052c   0x0000003e   Code   RO         1941    .text               c_w.l(strlen.o)
    0x0800056a   0x0800056a   0x0000004e   Code   RO         1947    .text               c_w.l(rt_memclr_w.o)
    0x080005b8   0x080005b8   0x00000006   Code   RO         1949    .text               c_w.l(heapauxi.o)
    0x080005be   0x080005be   0x00000002   Code   RO         1969    .text               c_w.l(use_no_semi.o)
    0x080005c0   0x080005c0   0x0000004e   Code   RO         1978    .text               c_w.l(_printf_pad.o)
    0x0800060e   0x0800060e   0x00000024   Code   RO         1980    .text               c_w.l(_printf_truncate.o)
    0x08000632   0x08000632   0x00000052   Code   RO         1982    .text               c_w.l(_printf_str.o)
    0x08000684   0x08000684   0x00000078   Code   RO         1984    .text               c_w.l(_printf_dec.o)
    0x080006fc   0x080006fc   0x00000028   Code   RO         1986    .text               c_w.l(_printf_charcount.o)
    0x08000724   0x08000724   0x00000030   Code   RO         1988    .text               c_w.l(_printf_char_common.o)
    0x08000754   0x08000754   0x0000000a   Code   RO         1990    .text               c_w.l(_sputc.o)
    0x0800075e   0x0800075e   0x00000002   PAD
    0x08000760   0x08000760   0x00000024   Code   RO         1992    .text               c_w.l(_printf_char_file.o)
    0x08000784   0x08000784   0x000000bc   Code   RO         1994    .text               c_w.l(_printf_wctomb.o)
    0x08000840   0x08000840   0x0000007c   Code   RO         1997    .text               c_w.l(_printf_longlong_dec.o)
    0x080008bc   0x080008bc   0x00000070   Code   RO         2003    .text               c_w.l(_printf_oct_int_ll.o)
    0x0800092c   0x0800092c   0x00000094   Code   RO         2023    .text               c_w.l(_printf_hex_int_ll_ptr.o)
    0x080009c0   0x080009c0   0x00000188   Code   RO         2043    .text               c_w.l(__printf_flags_ss_wp.o)
    0x08000b48   0x08000b48   0x0000008a   Code   RO         2099    .text               c_w.l(lludiv10.o)
    0x08000bd2   0x08000bd2   0x000000b2   Code   RO         2101    .text               c_w.l(_printf_intcommon.o)
    0x08000c84   0x08000c84   0x0000041c   Code   RO         2103    .text               c_w.l(_printf_fp_dec.o)
    0x080010a0   0x080010a0   0x000002fc   Code   RO         2107    .text               c_w.l(_printf_fp_hex.o)
    0x0800139c   0x0800139c   0x0000002c   Code   RO         2112    .text               c_w.l(_printf_char.o)
    0x080013c8   0x080013c8   0x0000002c   Code   RO         2114    .text               c_w.l(_printf_wchar.o)
    0x080013f4   0x080013f4   0x00000008   Code   RO         2117    .text               c_w.l(ferror.o)
    0x080013fc   0x080013fc   0x00000048   Code   RO         2121    .text               c_w.l(_c16rtomb.o)
    0x08001444   0x08001444   0x0000004a   Code   RO         2123    .text               c_w.l(sys_stackheap_outer.o)
    0x0800148e   0x0800148e   0x00000002   PAD
    0x08001490   0x08001490   0x00000010   Code   RO         2125    .text               c_w.l(rt_ctype_table.o)
    0x080014a0   0x080014a0   0x00000008   Code   RO         2130    .text               c_w.l(rt_locale_intlibspace.o)
    0x080014a8   0x080014a8   0x00000080   Code   RO         2132    .text               c_w.l(_printf_fp_infnan.o)
    0x08001528   0x08001528   0x000000e4   Code   RO         2134    .text               c_w.l(bigflt0.o)
    0x0800160c   0x0800160c   0x00000012   Code   RO         2164    .text               c_w.l(exit.o)
    0x0800161e   0x0800161e   0x00000002   PAD
    0x08001620   0x08001620   0x00000008   Code   RO         2180    .text               c_w.l(libspace.o)
    0x08001628   0x08001628   0x0000007c   Code   RO         2196    .text               c_w.l(strcmpv8m_maindsp.o)
    0x080016a4   0x080016a4   0x000000d2   Code   RO          256    .text.ADC_DMAConvCplt  stm32u5xx_hal_adc.o
    0x08001776   0x08001776   0x00000002   PAD
    0x08001778   0x08001778   0x0000002a   Code   RO          260    .text.ADC_DMAError  stm32u5xx_hal_adc.o
    0x080017a2   0x080017a2   0x00000002   PAD
    0x080017a4   0x080017a4   0x00000016   Code   RO          258    .text.ADC_DMAHalfConvCplt  stm32u5xx_hal_adc.o
    0x080017ba   0x080017ba   0x00000002   PAD
    0x080017bc   0x080017bc   0x000000c4   Code   RO          232    .text.ADC_Disable   stm32u5xx_hal_adc.o
    0x08001880   0x08001880   0x000000e4   Code   RO          238    .text.ADC_Enable    stm32u5xx_hal_adc.o
    0x08001964   0x08001964   0x00000004   Code   RO          171    .text.BusFault_Handler  stm32u5xx_it.o
    0x08001968   0x08001968   0x000002be   Code   RO          509    .text.DMA_List_BuildNode  stm32u5xx_hal_dma_ex.o
    0x08001c26   0x08001c26   0x00000002   PAD
    0x08001c28   0x08001c28   0x00000068   Code   RO          517    .text.DMA_List_CheckNodesBaseAddresses  stm32u5xx_hal_dma_ex.o
    0x08001c90   0x08001c90   0x00000086   Code   RO          519    .text.DMA_List_CheckNodesTypes  stm32u5xx_hal_dma_ex.o
    0x08001d16   0x08001d16   0x00000002   PAD
    0x08001d18   0x08001d18   0x00000146   Code   RO          521    .text.DMA_List_FindNode  stm32u5xx_hal_dma_ex.o
    0x08001e5e   0x08001e5e   0x00000002   PAD
    0x08001e60   0x08001e60   0x0000005e   Code   RO          503    .text.DMA_List_GetCLLRNodeInfo  stm32u5xx_hal_dma_ex.o
    0x08001ebe   0x08001ebe   0x00000002   PAD
    0x08001ec0   0x08001ec0   0x00000218   Code   RO          513    .text.DMA_List_GetNodeConfig  stm32u5xx_hal_dma_ex.o
    0x080020d8   0x080020d8   0x00000410   Code   RO          497    .text.DMA_List_Init  stm32u5xx_hal_dma_ex.o
    0x080024e8   0x080024e8   0x00000040   Code   RO          462    .text.DMA_SetConfig  stm32u5xx_hal_dma.o
    0x08002528   0x08002528   0x00000002   Code   RO          177    .text.DebugMon_Handler  stm32u5xx_it.o
    0x0800252a   0x0800252a   0x00000002   PAD
    0x0800252c   0x0800252c   0x0000000e   Code   RO           23    .text.Error_Handler  main.o
    0x0800253a   0x0800253a   0x00000002   PAD
    0x0800253c   0x0800253c   0x00000010   Code   RO          183    .text.GPDMA1_Channel0_IRQHandler  stm32u5xx_it.o
    0x0800254c   0x0800254c   0x000002c8   Code   RO          359    .text.HAL_ADCEx_Calibration_Start  stm32u5xx_hal_adc_ex.o
    0x08002814   0x08002814   0x00000eb8   Code   RO          286    .text.HAL_ADC_ConfigChannel  stm32u5xx_hal_adc.o
    0x080036cc   0x080036cc   0x00000028   Code   RO           35    .text.HAL_ADC_ConvCpltCallback  main.o
    0x080036f4   0x080036f4   0x00000008   Code   RO          284    .text.HAL_ADC_ConvHalfCpltCallback  stm32u5xx_hal_adc.o
    0x080036fc   0x080036fc   0x00000008   Code   RO          276    .text.HAL_ADC_ErrorCallback  stm32u5xx_hal_adc.o
    0x08003704   0x08003704   0x0000063e   Code   RO          202    .text.HAL_ADC_Init  stm32u5xx_hal_adc.o
    0x08003d42   0x08003d42   0x00000002   PAD
    0x08003d44   0x08003d44   0x000001a8   Code   RO           98    .text.HAL_ADC_MspInit  adc.o
    0x08003eec   0x08003eec   0x0000022c   Code   RO          254    .text.HAL_ADC_Start_DMA  stm32u5xx_hal_adc.o
    0x08004118   0x08004118   0x0000005a   Code   RO          507    .text.HAL_DMAEx_List_BuildNode  stm32u5xx_hal_dma_ex.o
    0x08004172   0x08004172   0x00000002   PAD
    0x08004174   0x08004174   0x00000034   Code   RO          511    .text.HAL_DMAEx_List_GetNodeConfig  stm32u5xx_hal_dma_ex.o
    0x080041a8   0x080041a8   0x00000382   Code   RO          495    .text.HAL_DMAEx_List_Init  stm32u5xx_hal_dma_ex.o
    0x0800452a   0x0800452a   0x00000002   PAD
    0x0800452c   0x0800452c   0x0000019a   Code   RO          515    .text.HAL_DMAEx_List_InsertNode  stm32u5xx_hal_dma_ex.o
    0x080046c6   0x080046c6   0x00000002   PAD
    0x080046c8   0x080046c8   0x00000192   Code   RO          571    .text.HAL_DMAEx_List_LinkQ  stm32u5xx_hal_dma_ex.o
    0x0800485a   0x0800485a   0x00000002   PAD
    0x0800485c   0x0800485c   0x000000ca   Code   RO          553    .text.HAL_DMAEx_List_SetCircularMode  stm32u5xx_hal_dma_ex.o
    0x08004926   0x08004926   0x00000002   PAD
    0x08004928   0x08004928   0x00000136   Code   RO          505    .text.HAL_DMAEx_List_Start_IT  stm32u5xx_hal_dma_ex.o
    0x08004a5e   0x08004a5e   0x00000002   PAD
    0x08004a60   0x08004a60   0x00000116   Code   RO          466    .text.HAL_DMA_Abort  stm32u5xx_hal_dma.o
    0x08004b76   0x08004b76   0x00000002   PAD
    0x08004b78   0x08004b78   0x00000054   Code   RO          468    .text.HAL_DMA_Abort_IT  stm32u5xx_hal_dma.o
    0x08004bcc   0x08004bcc   0x00000072   Code   RO          482    .text.HAL_DMA_ConfigChannelAttributes  stm32u5xx_hal_dma.o
    0x08004c3e   0x08004c3e   0x00000002   PAD
    0x08004c40   0x08004c40   0x00000304   Code   RO          472    .text.HAL_DMA_IRQHandler  stm32u5xx_hal_dma.o
    0x08004f44   0x08004f44   0x000000d2   Code   RO          464    .text.HAL_DMA_Start_IT  stm32u5xx_hal_dma.o
    0x08005016   0x08005016   0x00000002   PAD
    0x08005018   0x08005018   0x00000042   Code   RO          621    .text.HAL_Delay     stm32u5xx_hal.o
    0x0800505a   0x0800505a   0x00000002   PAD
    0x0800505c   0x0800505c   0x000003d8   Code   RO          983    .text.HAL_GPIO_Init  stm32u5xx_hal_gpio.o
    0x08005434   0x08005434   0x0000002e   Code   RO          987    .text.HAL_GPIO_ReadPin  stm32u5xx_hal_gpio.o
    0x08005462   0x08005462   0x00000002   PAD
    0x08005464   0x08005464   0x0000002c   Code   RO          989    .text.HAL_GPIO_WritePin  stm32u5xx_hal_gpio.o
    0x08005490   0x08005490   0x0000000e   Code   RO          629    .text.HAL_GetREVID  stm32u5xx_hal.o
    0x0800549e   0x0800549e   0x00000002   PAD
    0x080054a0   0x080054a0   0x0000000c   Code   RO          613    .text.HAL_GetTick   stm32u5xx_hal.o
    0x080054ac   0x080054ac   0x00000040   Code   RO         1219    .text.HAL_ICACHE_ConfigAssociativityMode  stm32u5xx_hal_icache.o
    0x080054ec   0x080054ec   0x00000070   Code   RO         1233    .text.HAL_ICACHE_Disable  stm32u5xx_hal_icache.o
    0x0800555c   0x0800555c   0x00000014   Code   RO         1231    .text.HAL_ICACHE_Enable  stm32u5xx_hal_icache.o
    0x08005570   0x08005570   0x0000009c   Code   RO         1253    .text.HAL_ICACHE_EnableRemapRegion  stm32u5xx_hal_icache.o
    0x0800560c   0x0800560c   0x0000001a   Code   RO          611    .text.HAL_IncTick   stm32u5xx_hal.o
    0x08005626   0x08005626   0x00000002   PAD
    0x08005628   0x08005628   0x00000068   Code   RO          601    .text.HAL_Init      stm32u5xx_hal.o
    0x08005690   0x08005690   0x00000086   Code   RO          603    .text.HAL_InitTick  stm32u5xx_hal.o
    0x08005716   0x08005716   0x00000002   PAD
    0x08005718   0x08005718   0x0000002c   Code   RO          194    .text.HAL_MspInit   stm32u5xx_hal_msp.o
    0x08005744   0x08005744   0x00000014   Code   RO          829    .text.HAL_NVIC_EnableIRQ  stm32u5xx_hal_cortex.o
    0x08005758   0x08005758   0x0000002e   Code   RO          821    .text.HAL_NVIC_SetPriority  stm32u5xx_hal_cortex.o
    0x08005786   0x08005786   0x00000002   PAD
    0x08005788   0x08005788   0x00000010   Code   RO          817    .text.HAL_NVIC_SetPriorityGrouping  stm32u5xx_hal_cortex.o
    0x08005798   0x08005798   0x0000015e   Code   RO         1089    .text.HAL_PWREx_ControlVoltageScaling  stm32u5xx_hal_pwr_ex.o
    0x080058f6   0x080058f6   0x00000002   PAD
    0x080058f8   0x080058f8   0x00000012   Code   RO         1159    .text.HAL_PWREx_DisableUCPDDeadBattery  stm32u5xx_hal_pwr_ex.o
    0x0800590a   0x0800590a   0x00000002   PAD
    0x0800590c   0x0800590c   0x00000012   Code   RO         1129    .text.HAL_PWREx_EnableVddA  stm32u5xx_hal_pwr_ex.o
    0x0800591e   0x0800591e   0x00000002   PAD
    0x08005920   0x08005920   0x00000012   Code   RO         1125    .text.HAL_PWREx_EnableVddIO2  stm32u5xx_hal_pwr_ex.o
    0x08005932   0x08005932   0x00000002   PAD
    0x08005934   0x08005934   0x00000010   Code   RO         1091    .text.HAL_PWREx_GetVoltageRange  stm32u5xx_hal_pwr_ex.o
    0x08005944   0x08005944   0x0000031c   Code   RO          736    .text.HAL_RCCEx_GetPLL1ClockFreq  stm32u5xx_hal_rcc_ex.o
    0x08005c60   0x08005c60   0x0000031c   Code   RO          738    .text.HAL_RCCEx_GetPLL2ClockFreq  stm32u5xx_hal_rcc_ex.o
    0x08005f7c   0x08005f7c   0x0000031c   Code   RO          740    .text.HAL_RCCEx_GetPLL3ClockFreq  stm32u5xx_hal_rcc_ex.o
    0x08006298   0x08006298   0x00001786   Code   RO          742    .text.HAL_RCCEx_GetPeriphCLKFreq  stm32u5xx_hal_rcc_ex.o
    0x08007a1e   0x08007a1e   0x00000002   PAD
    0x08007a20   0x08007a20   0x0000094a   Code   RO          728    .text.HAL_RCCEx_PeriphCLKConfig  stm32u5xx_hal_rcc_ex.o
    0x0800836a   0x0800836a   0x00000002   PAD
    0x0800836c   0x0800836c   0x00000528   Code   RO          693    .text.HAL_RCC_ClockConfig  stm32u5xx_hal_rcc.o
    0x08008894   0x08008894   0x00000030   Code   RO          691    .text.HAL_RCC_GetHCLKFreq  stm32u5xx_hal_rcc.o
    0x080088c4   0x080088c4   0x00000022   Code   RO          699    .text.HAL_RCC_GetPCLK1Freq  stm32u5xx_hal_rcc.o
    0x080088e6   0x080088e6   0x00000002   PAD
    0x080088e8   0x080088e8   0x00000022   Code   RO          701    .text.HAL_RCC_GetPCLK2Freq  stm32u5xx_hal_rcc.o
    0x0800890a   0x0800890a   0x00000002   PAD
    0x0800890c   0x0800890c   0x00000022   Code   RO          703    .text.HAL_RCC_GetPCLK3Freq  stm32u5xx_hal_rcc.o
    0x0800892e   0x0800892e   0x00000002   PAD
    0x08008930   0x08008930   0x00000264   Code   RO          695    .text.HAL_RCC_GetSysClockFreq  stm32u5xx_hal_rcc.o
    0x08008b94   0x08008b94   0x000010e0   Code   RO          687    .text.HAL_RCC_OscConfig  stm32u5xx_hal_rcc.o
    0x08009c74   0x08009c74   0x00000010   Code   RO          841    .text.HAL_SYSTICK_Config  stm32u5xx_hal_cortex.o
    0x08009c84   0x08009c84   0x000001e8   Code   RO         1583    .text.HAL_TIMEx_ConfigBreakDeadTime  stm32u5xx_hal_tim_ex.o
    0x08009e6c   0x08009e6c   0x000001ec   Code   RO         1581    .text.HAL_TIMEx_MasterConfigSynchronization  stm32u5xx_hal_tim_ex.o
    0x0800a058   0x0800a058   0x000000a8   Code   RO         1262    .text.HAL_TIM_Base_Init  stm32u5xx_hal_tim.o
    0x0800a100   0x0800a100   0x0000006e   Code   RO          135    .text.HAL_TIM_Base_MspInit  tim.o
    0x0800a16e   0x0800a16e   0x00000002   PAD
    0x0800a170   0x0800a170   0x000001de   Code   RO         1460    .text.HAL_TIM_ConfigClockSource  stm32u5xx_hal_tim.o
    0x0800a34e   0x0800a34e   0x00000002   PAD
    0x0800a350   0x0800a350   0x000000be   Code   RO          131    .text.HAL_TIM_MspPostInit  tim.o
    0x0800a40e   0x0800a40e   0x00000002   PAD
    0x0800a410   0x0800a410   0x000001b0   Code   RO         1434    .text.HAL_TIM_PWM_ConfigChannel  stm32u5xx_hal_tim.o
    0x0800a5c0   0x0800a5c0   0x000000a8   Code   RO         1318    .text.HAL_TIM_PWM_Init  stm32u5xx_hal_tim.o
    0x0800a668   0x0800a668   0x00000008   Code   RO         1320    .text.HAL_TIM_PWM_MspInit  stm32u5xx_hal_tim.o
    0x0800a670   0x0800a670   0x00000356   Code   RO         1326    .text.HAL_TIM_PWM_Start  stm32u5xx_hal_tim.o
    0x0800a9c6   0x0800a9c6   0x00000002   PAD
    0x0800a9c8   0x0800a9c8   0x0000007c   Code   RO         1830    .text.HAL_UARTEx_DisableFifoMode  stm32u5xx_hal_uart_ex.o
    0x0800aa44   0x0800aa44   0x0000000c   Code   RO         1756    .text.HAL_UARTEx_RxEventCallback  stm32u5xx_hal_uart.o
    0x0800aa50   0x0800aa50   0x00000008   Code   RO         1812    .text.HAL_UARTEx_RxFifoFullCallback  stm32u5xx_hal_uart_ex.o
    0x0800aa58   0x0800aa58   0x0000008c   Code   RO         1834    .text.HAL_UARTEx_SetRxFifoThreshold  stm32u5xx_hal_uart_ex.o
    0x0800aae4   0x0800aae4   0x0000008c   Code   RO         1832    .text.HAL_UARTEx_SetTxFifoThreshold  stm32u5xx_hal_uart_ex.o
    0x0800ab70   0x0800ab70   0x00000008   Code   RO         1814    .text.HAL_UARTEx_TxFifoEmptyCallback  stm32u5xx_hal_uart_ex.o
    0x0800ab78   0x0800ab78   0x00000008   Code   RO         1754    .text.HAL_UART_ErrorCallback  stm32u5xx_hal_uart.o
    0x0800ab80   0x0800ab80   0x000004e2   Code   RO         1750    .text.HAL_UART_IRQHandler  stm32u5xx_hal_uart.o
    0x0800b062   0x0800b062   0x00000002   PAD
    0x0800b064   0x0800b064   0x000000aa   Code   RO         1662    .text.HAL_UART_Init  stm32u5xx_hal_uart.o
    0x0800b10e   0x0800b10e   0x00000002   PAD
    0x0800b110   0x0800b110   0x0000018e   Code   RO          152    .text.HAL_UART_MspInit  usart.o
    0x0800b29e   0x0800b29e   0x00000002   PAD
    0x0800b2a0   0x0800b2a0   0x000000ce   Code   RO         1698    .text.HAL_UART_Receive_IT  stm32u5xx_hal_uart.o
    0x0800b36e   0x0800b36e   0x00000002   PAD
    0x0800b370   0x0800b370   0x00000040   Code   RO           37    .text.HAL_UART_RxCpltCallback  main.o
    0x0800b3b0   0x0800b3b0   0x00000154   Code   RO         1682    .text.HAL_UART_Transmit  stm32u5xx_hal_uart.o
    0x0800b504   0x0800b504   0x00000008   Code   RO         1760    .text.HAL_UART_TxCpltCallback  stm32u5xx_hal_uart.o
    0x0800b50c   0x0800b50c   0x00000004   Code   RO          167    .text.HardFault_Handler  stm32u5xx_it.o
    0x0800b510   0x0800b510   0x0000001c   Code   RO          350    .text.LL_ADC_Disable  stm32u5xx_hal_adc.o
    0x0800b52c   0x0800b52c   0x00000018   Code   RO          208    .text.LL_ADC_DisableDeepPowerDown  stm32u5xx_hal_adc.o
    0x0800b544   0x0800b544   0x0000001c   Code   RO          348    .text.LL_ADC_Enable  stm32u5xx_hal_adc.o
    0x0800b560   0x0800b560   0x0000001e   Code   RO          212    .text.LL_ADC_EnableInternalRegulator  stm32u5xx_hal_adc.o
    0x0800b57e   0x0800b57e   0x00000002   PAD
    0x0800b580   0x0800b580   0x00000010   Code   RO          304    .text.LL_ADC_GetCommonPathInternalCh  stm32u5xx_hal_adc.o
    0x0800b590   0x0800b590   0x0000001e   Code   RO          300    .text.LL_ADC_GetOffsetChannel  stm32u5xx_hal_adc.o
    0x0800b5ae   0x0800b5ae   0x00000002   PAD
    0x0800b5b0   0x0800b5b0   0x00000010   Code   RO          222    .text.LL_ADC_INJ_IsConversionOngoing  stm32u5xx_hal_adc.o
    0x0800b5c0   0x0800b5c0   0x0000000e   Code   RO          363    .text.LL_ADC_IsCalibrationOnGoing  stm32u5xx_hal_adc_ex.o
    0x0800b5ce   0x0800b5ce   0x00000002   PAD
    0x0800b5d0   0x0800b5d0   0x00000010   Code   RO          206    .text.LL_ADC_IsDeepPowerDownEnabled  stm32u5xx_hal_adc.o
    0x0800b5e0   0x0800b5e0   0x00000010   Code   RO          342    .text.LL_ADC_IsDisableOngoing  stm32u5xx_hal_adc.o
    0x0800b5f0   0x0800b5f0   0x00000010   Code   RO          216    .text.LL_ADC_IsEnabled  stm32u5xx_hal_adc.o
    0x0800b600   0x0800b600   0x00000010   Code   RO          210    .text.LL_ADC_IsInternalRegulatorEnabled  stm32u5xx_hal_adc.o
    0x0800b610   0x0800b610   0x00000010   Code   RO          214    .text.LL_ADC_REG_IsConversionOngoing  stm32u5xx_hal_adc.o
    0x0800b620   0x0800b620   0x00000016   Code   RO          246    .text.LL_ADC_REG_IsTriggerSourceSWStart  stm32u5xx_hal_adc.o
    0x0800b636   0x0800b636   0x00000002   PAD
    0x0800b638   0x0800b638   0x0000005a   Code   RO          308    .text.LL_ADC_REG_SetSequencerChAdd  stm32u5xx_hal_adc.o
    0x0800b692   0x0800b692   0x00000002   PAD
    0x0800b694   0x0800b694   0x0000001e   Code   RO          310    .text.LL_ADC_REG_SetSequencerChRem  stm32u5xx_hal_adc.o
    0x0800b6b2   0x0800b6b2   0x00000002   PAD
    0x0800b6b4   0x0800b6b4   0x000000ae   Code   RO          288    .text.LL_ADC_REG_SetSequencerRanks  stm32u5xx_hal_adc.o
    0x0800b762   0x0800b762   0x00000002   PAD
    0x0800b764   0x0800b764   0x0000001c   Code   RO          240    .text.LL_ADC_REG_StartConversion  stm32u5xx_hal_adc.o
    0x0800b780   0x0800b780   0x000000ae   Code   RO          290    .text.LL_ADC_SetChannelSamplingTime  stm32u5xx_hal_adc.o
    0x0800b82e   0x0800b82e   0x00000002   PAD
    0x0800b830   0x0800b830   0x00000034   Code   RO          302    .text.LL_ADC_SetChannelSingleDiff  stm32u5xx_hal_adc.o
    0x0800b864   0x0800b864   0x0000001a   Code   RO          218    .text.LL_ADC_SetCommonClock  stm32u5xx_hal_adc.o
    0x0800b87e   0x0800b87e   0x00000002   PAD
    0x0800b880   0x0800b880   0x0000001a   Code   RO          306    .text.LL_ADC_SetCommonPathInternalCh  stm32u5xx_hal_adc.o
    0x0800b89a   0x0800b89a   0x00000002   PAD
    0x0800b89c   0x0800b89c   0x00000034   Code   RO          224    .text.LL_ADC_SetGainCompensation  stm32u5xx_hal_adc.o
    0x0800b8d0   0x0800b8d0   0x00000034   Code   RO          292    .text.LL_ADC_SetOffset  stm32u5xx_hal_adc.o
    0x0800b904   0x0800b904   0x00000028   Code   RO          294    .text.LL_ADC_SetOffsetSign  stm32u5xx_hal_adc.o
    0x0800b92c   0x0800b92c   0x00000028   Code   RO          298    .text.LL_ADC_SetOffsetSignedSaturation  stm32u5xx_hal_adc.o
    0x0800b954   0x0800b954   0x00000028   Code   RO          296    .text.LL_ADC_SetOffsetUnsignedSaturation  stm32u5xx_hal_adc.o
    0x0800b97c   0x0800b97c   0x0000003a   Code   RO          220    .text.LL_ADC_SetResolution  stm32u5xx_hal_adc.o
    0x0800b9b6   0x0800b9b6   0x00000002   PAD
    0x0800b9b8   0x0800b9b8   0x00000026   Code   RO          226    .text.LL_ADC_SetSamplingTimeCommonChannels  stm32u5xx_hal_adc.o
    0x0800b9de   0x0800b9de   0x00000002   PAD
    0x0800b9e0   0x0800b9e0   0x0000004c   Code   RO          361    .text.LL_ADC_StartCalibration  stm32u5xx_hal_adc_ex.o
    0x0800ba2c   0x0800ba2c   0x000000f0   Code   RO           96    .text.MX_ADC1_Init  adc.o
    0x0800bb1c   0x0800bb1c   0x00000038   Code   RO          113    .text.MX_GPDMA1_Init  gpdma.o
    0x0800bb54   0x0800bb54   0x000001ca   Code   RO           88    .text.MX_GPIO_Init  gpio.o
    0x0800bd1e   0x0800bd1e   0x00000002   PAD
    0x0800bd20   0x0800bd20   0x0000005e   Code   RO          121    .text.MX_ICACHE_Init  icache.o
    0x0800bd7e   0x0800bd7e   0x00000002   PAD
    0x0800bd80   0x0800bd80   0x00000132   Code   RO          129    .text.MX_TIM1_Init  tim.o
    0x0800beb2   0x0800beb2   0x00000002   PAD
    0x0800beb4   0x0800beb4   0x0000017e   Code   RO          133    .text.MX_TIM8_Init  tim.o
    0x0800c032   0x0800c032   0x00000002   PAD
    0x0800c034   0x0800c034   0x0000008e   Code   RO          148    .text.MX_USART1_UART_Init  usart.o
    0x0800c0c2   0x0800c0c2   0x00000002   PAD
    0x0800c0c4   0x0800c0c4   0x0000008e   Code   RO          150    .text.MX_USART3_UART_Init  usart.o
    0x0800c152   0x0800c152   0x00000002   PAD
    0x0800c154   0x0800c154   0x00000004   Code   RO          169    .text.MemManage_Handler  stm32u5xx_it.o
    0x0800c158   0x0800c158   0x00000004   Code   RO          165    .text.NMI_Handler   stm32u5xx_it.o
    0x0800c15c   0x0800c15c   0x0000006c   Code   RO          827    .text.NVIC_EncodePriority  stm32u5xx_hal_cortex.o
    0x0800c1c8   0x0800c1c8   0x00000002   Code   RO          179    .text.PendSV_Handler  stm32u5xx_it.o
    0x0800c1ca   0x0800c1ca   0x00000002   PAD
    0x0800c1cc   0x0800c1cc   0x00000174   Code   RO          730    .text.RCCEx_PLL2_Config  stm32u5xx_hal_rcc_ex.o
    0x0800c340   0x0800c340   0x00000174   Code   RO          732    .text.RCCEx_PLL3_Config  stm32u5xx_hal_rcc_ex.o
    0x0800c4b4   0x0800c4b4   0x00000142   Code   RO          689    .text.RCC_SetFlashLatencyFromMSIRange  stm32u5xx_hal_rcc.o
    0x0800c5f6   0x0800c5f6   0x00000002   PAD
    0x0800c5f8   0x0800c5f8   0x00000002   Code   RO          175    .text.SVC_Handler   stm32u5xx_it.o
    0x0800c5fa   0x0800c5fa   0x00000002   PAD
    0x0800c5fc   0x0800c5fc   0x00000052   Code   RO          843    .text.SysTick_Config  stm32u5xx_hal_cortex.o
    0x0800c64e   0x0800c64e   0x00000002   PAD
    0x0800c650   0x0800c650   0x00000008   Code   RO          181    .text.SysTick_Handler  stm32u5xx_it.o
    0x0800c658   0x0800c658   0x0000009c   Code   RO           19    .text.SystemClock_Config  main.o
    0x0800c6f4   0x0800c6f4   0x00000076   Code   RO         1859    .text.SystemInit    system_stm32u5xx.o
    0x0800c76a   0x0800c76a   0x00000002   PAD
    0x0800c76c   0x0800c76c   0x00000008   Code   RO           21    .text.SystemPower_Config  main.o
    0x0800c774   0x0800c774   0x000002d6   Code   RO         1266    .text.TIM_Base_SetConfig  stm32u5xx_hal_tim.o
    0x0800ca4a   0x0800ca4a   0x00000002   PAD
    0x0800ca4c   0x0800ca4c   0x00000036   Code   RO         1302    .text.TIM_CCxChannelCmd  stm32u5xx_hal_tim.o
    0x0800ca82   0x0800ca82   0x00000002   PAD
    0x0800ca84   0x0800ca84   0x00000034   Code   RO         1458    .text.TIM_ETR_SetConfig  stm32u5xx_hal_tim.o
    0x0800cab8   0x0800cab8   0x00000030   Code   RO         1464    .text.TIM_ITRx_SetConfig  stm32u5xx_hal_tim.o
    0x0800cae8   0x0800cae8   0x000001f4   Code   RO         1412    .text.TIM_OC1_SetConfig  stm32u5xx_hal_tim.o
    0x0800ccdc   0x0800ccdc   0x00000210   Code   RO         1414    .text.TIM_OC2_SetConfig  stm32u5xx_hal_tim.o
    0x0800ceec   0x0800ceec   0x0000020e   Code   RO         1416    .text.TIM_OC3_SetConfig  stm32u5xx_hal_tim.o
    0x0800d0fa   0x0800d0fa   0x00000002   PAD
    0x0800d0fc   0x0800d0fc   0x00000210   Code   RO         1418    .text.TIM_OC4_SetConfig  stm32u5xx_hal_tim.o
    0x0800d30c   0x0800d30c   0x00000122   Code   RO         1420    .text.TIM_OC5_SetConfig  stm32u5xx_hal_tim.o
    0x0800d42e   0x0800d42e   0x00000002   PAD
    0x0800d430   0x0800d430   0x00000124   Code   RO         1422    .text.TIM_OC6_SetConfig  stm32u5xx_hal_tim.o
    0x0800d554   0x0800d554   0x00000050   Code   RO         1462    .text.TIM_TI1_ConfigInputStage  stm32u5xx_hal_tim.o
    0x0800d5a4   0x0800d5a4   0x00000052   Code   RO         1466    .text.TIM_TI2_ConfigInputStage  stm32u5xx_hal_tim.o
    0x0800d5f6   0x0800d5f6   0x00000002   PAD
    0x0800d5f8   0x0800d5f8   0x0000008a   Code   RO         1828    .text.UARTEx_SetNbDataToProcess  stm32u5xx_hal_uart_ex.o
    0x0800d682   0x0800d682   0x00000002   PAD
    0x0800d684   0x0800d684   0x00000148   Code   RO         1668    .text.UART_AdvFeatureConfig  stm32u5xx_hal_uart.o
    0x0800d7cc   0x0800d7cc   0x00000146   Code   RO         1670    .text.UART_CheckIdleState  stm32u5xx_hal_uart.o
    0x0800d912   0x0800d912   0x00000002   PAD
    0x0800d914   0x0800d914   0x00000024   Code   RO         1752    .text.UART_DMAAbortOnError  stm32u5xx_hal_uart.o
    0x0800d938   0x0800d938   0x0000009e   Code   RO         1722    .text.UART_EndRxTransfer  stm32u5xx_hal_uart.o
    0x0800d9d6   0x0800d9d6   0x00000002   PAD
    0x0800d9d8   0x0800d9d8   0x00000044   Code   RO         1758    .text.UART_EndTransmit_IT  stm32u5xx_hal_uart.o
    0x0800da1c   0x0800da1c   0x00000196   Code   RO         1794    .text.UART_RxISR_16BIT  stm32u5xx_hal_uart.o
    0x0800dbb2   0x0800dbb2   0x00000002   PAD
    0x0800dbb4   0x0800dbb4   0x0000031a   Code   RO         1790    .text.UART_RxISR_16BIT_FIFOEN  stm32u5xx_hal_uart.o
    0x0800dece   0x0800dece   0x00000002   PAD
    0x0800ded0   0x0800ded0   0x00000192   Code   RO         1796    .text.UART_RxISR_8BIT  stm32u5xx_hal_uart.o
    0x0800e062   0x0800e062   0x00000002   PAD
    0x0800e064   0x0800e064   0x00000316   Code   RO         1792    .text.UART_RxISR_8BIT_FIFOEN  stm32u5xx_hal_uart.o
    0x0800e37a   0x0800e37a   0x00000002   PAD
    0x0800e37c   0x0800e37c   0x00000358   Code   RO         1666    .text.UART_SetConfig  stm32u5xx_hal_uart.o
    0x0800e6d4   0x0800e6d4   0x00000222   Code   RO         1700    .text.UART_Start_Receive_IT  stm32u5xx_hal_uart.o
    0x0800e8f6   0x0800e8f6   0x00000002   PAD
    0x0800e8f8   0x0800e8f8   0x000000fc   Code   RO         1684    .text.UART_WaitOnFlagUntilTimeout  stm32u5xx_hal_uart.o
    0x0800e9f4   0x0800e9f4   0x00000010   Code   RO          185    .text.USART3_IRQHandler  stm32u5xx_it.o
    0x0800ea04   0x0800ea04   0x00000004   Code   RO          173    .text.UsageFault_Handler  stm32u5xx_it.o
    0x0800ea08   0x0800ea08   0x00000030   Code   RO          831    .text.__NVIC_EnableIRQ  stm32u5xx_hal_cortex.o
    0x0800ea38   0x0800ea38   0x00000010   Code   RO          823    .text.__NVIC_GetPriorityGrouping  stm32u5xx_hal_cortex.o
    0x0800ea48   0x0800ea48   0x00000042   Code   RO          825    .text.__NVIC_SetPriority  stm32u5xx_hal_cortex.o
    0x0800ea8a   0x0800ea8a   0x00000002   PAD
    0x0800ea8c   0x0800ea8c   0x0000003c   Code   RO          819    .text.__NVIC_SetPriorityGrouping  stm32u5xx_hal_cortex.o
    0x0800eac8   0x0800eac8   0x00000008   Code   RO           11    .text._sys_exit     main.o
    0x0800ead0   0x0800ead0   0x000000b0   Code   RO           25    .text.car_forward_4wd  main.o
    0x0800eb80   0x0800eb80   0x000000cc   Code   RO           33    .text.car_reverse_4wd  main.o
    0x0800ec4c   0x0800ec4c   0x000000a0   Code   RO           31    .text.car_stop_4wd  main.o
    0x0800ecec   0x0800ecec   0x00000004   PAD
    0x0800ecf0   0x0800ecf0   0x000000e0   Code   RO           27    .text.car_turn_left_4wd  main.o
    0x0800edd0   0x0800edd0   0x000000e0   Code   RO           29    .text.car_turn_right_4wd  main.o
    0x0800eeb0   0x0800eeb0   0x00000028   Code   RO           15    .text.fputc         main.o
    0x0800eed8   0x0800eed8   0x00000dae   Code   RO           17    .text.main          main.o
    0x0800fc86   0x0800fc86   0x00000002   PAD
    0x0800fc88   0x0800fc88   0x000000a0   Code   RO           41    .text.set_motor_direction  main.o
    0x0800fd28   0x0800fd28   0x000000a6   Code   RO           39    .text.set_motor_speed  main.o
    0x0800fdce   0x0800fdce   0x0000003e   Code   RO         2137    CL$$btod_d2e        c_w.l(btod.o)
    0x0800fe0c   0x0800fe0c   0x00000046   Code   RO         2139    CL$$btod_d2e_denorm_low  c_w.l(btod.o)
    0x0800fe52   0x0800fe52   0x00000060   Code   RO         2138    CL$$btod_d2e_norm_op1  c_w.l(btod.o)
    0x0800feb2   0x0800feb2   0x00000002   PAD
    0x0800feb4   0x0800feb4   0x00000338   Code   RO         2147    CL$$btod_div_common  c_w.l(btod.o)
    0x080101ec   0x080101ec   0x000000dc   Code   RO         2144    CL$$btod_e2e        c_w.l(btod.o)
    0x080102c8   0x080102c8   0x0000002a   Code   RO         2141    CL$$btod_ediv       c_w.l(btod.o)
    0x080102f2   0x080102f2   0x0000002a   Code   RO         2140    CL$$btod_emul       c_w.l(btod.o)
    0x0801031c   0x0801031c   0x00000244   Code   RO         2146    CL$$btod_mult_common  c_w.l(btod.o)
    0x08010560   0x08010560   0x00000030   Code   RO         2178    i.__ARM_fpclassify  m_wm.l(fpclassify.o)
    0x08010590   0x08010590   0x0000000e   Code   RO         2036    i._is_digit         c_w.l(__printf_wp.o)
    0x0801059e   0x0801059e   0x00000002   PAD
    0x080105a0   0x080105a0   0x0000002c   Code   RO         2162    locale$$code        c_w.l(lc_numeric_c.o)
    0x080105cc   0x080105cc   0x0000002c   Code   RO         2190    locale$$code        c_w.l(lc_ctype_c.o)
    0x080105f8   0x080105f8   0x00000150   Code   RO         1953    x$fpl$dadd          fz_wm.l(daddsub_clz.o)
    0x08010748   0x08010748   0x0000005e   Code   RO         1959    x$fpl$dfix          fz_wm.l(dfix.o)
    0x080107a6   0x080107a6   0x0000002e   Code   RO         1964    x$fpl$dflt          fz_wm.l(dflt_clz.o)
    0x080107d4   0x080107d4   0x0000009c   Code   RO         2069    x$fpl$dnaninf       fz_wm.l(dnaninf.o)
    0x08010870   0x08010870   0x0000000c   Code   RO         2071    x$fpl$dretinf       fz_wm.l(dretinf.o)
    0x0801087c   0x0801087c   0x000001dc   Code   RO         1955    x$fpl$dsub          fz_wm.l(daddsub_clz.o)
    0x08010a58   0x08010a58   0x0000001a   Code   RO         2260    x$fpl$fpinit        fz_wm.l(fpinit.o)
    0x08010a72   0x08010a72   0x00000004   Code   RO         2073    x$fpl$printf1       fz_wm.l(printf1.o)
    0x08010a76   0x08010a76   0x00000004   Code   RO         2075    x$fpl$printf2       fz_wm.l(printf2.o)
    0x08010a7a   0x08010a7a   0x00000000   Code   RO         2081    x$fpl$usenofp       fz_wm.l(usenofp.o)
    0x08010a7a   0x08010a7a   0x00000002   PAD
    0x08010a7c   0x08010a7c   0x00000008   Data   RO         1995    .constdata          c_w.l(_printf_wctomb.o)
    0x08010a84   0x08010a84   0x00000028   Data   RO         2024    .constdata          c_w.l(_printf_hex_int_ll_ptr.o)
    0x08010aac   0x08010aac   0x00000011   Data   RO         2044    .constdata          c_w.l(__printf_flags_ss_wp.o)
    0x08010abd   0x08010abd   0x00000026   Data   RO         2108    .constdata          c_w.l(_printf_fp_hex.o)
    0x08010ae3   0x08010ae3   0x00000001   PAD
    0x08010ae4   0x08010ae4   0x00000094   Data   RO         2135    .constdata          c_w.l(bigflt0.o)
    0x08010b78   0x08010b78   0x00000010   Data   RO         1864    .rodata.AHBPrescTable  system_stm32u5xx.o
    0x08010b88   0x08010b88   0x00000008   Data   RO         1865    .rodata.APBPrescTable  system_stm32u5xx.o
    0x08010b90   0x08010b90   0x00000080   Data   RO         1007    .rodata.LPGPIO_Map  stm32u5xx_hal_gpio.o
    0x08010c10   0x08010c10   0x00000040   Data   RO         1866    .rodata.MSIRangeTable  system_stm32u5xx.o
    0x08010c50   0x08010c50   0x00000008   Data   RO         1851    .rodata.UARTEx_SetNbDataToProcess.denominator  stm32u5xx_hal_uart_ex.o
    0x08010c58   0x08010c58   0x00000008   Data   RO         1850    .rodata.UARTEx_SetNbDataToProcess.numerator  stm32u5xx_hal_uart_ex.o
    0x08010c60   0x08010c60   0x00000018   Data   RO         1802    .rodata.UARTPrescTable  stm32u5xx_hal_uart.o
    0x08010c78   0x08010c78   0x00000217   Data   RO           77    .rodata.str1.1      main.o
    0x08010e8f   0x08010e8f   0x00000001   PAD
    0x08010e90   0x08010e90   0x00000020   Data   RO         2315    Region$$Table       anon$$obj.o
    0x08010eb0   0x08010eb0   0x0000001c   Data   RO         2161    locale$$data        c_w.l(lc_numeric_c.o)
    0x08010ecc   0x08010ecc   0x00000110   Data   RO         2189    locale$$data        c_w.l(lc_ctype_c.o)


    Execution Region RW_IRAM1 (Exec base: 0x20000000, Load base: 0x08010fe0, Size: 0x00000a40, Max: 0x000c0000, ABSOLUTE)

    Exec Addr    Load Addr    Size         Type   Attr      Idx    E Section Name        Object

    0x20000000   0x08010fe0   0x0000000f   Data   RW           73    .data.Databuff      main.o
    0x2000000f   0x08010fef   0x00000001   PAD
    0x20000010   0x08010ff0   0x00000004   Data   RW         1863    .data.SystemCoreClock  system_stm32u5xx.o
    0x20000014   0x08010ff4   0x00000002   Data   RW           69    .data.base_speed_back  main.o
    0x20000016   0x08010ff6   0x00000002   Data   RW           67    .data.base_speed_straight  main.o
    0x20000018   0x08010ff8   0x00000002   Data   RW           71    .data.base_speed_turn_inner_slight  main.o
    0x2000001a   0x08010ffa   0x00000002   Data   RW           70    .data.base_speed_turn_outer  main.o
    0x2000001c   0x08010ffc   0x00000001   Data   RW          674    .data.uwTickFreq    stm32u5xx_hal.o
    0x2000001d   0x08010ffd   0x00000003   PAD
    0x20000020   0x08011000   0x00000004   Data   RW          673    .data.uwTickPrio    stm32u5xx_hal.o
    0x20000024   0x08011004   0x00000004   PAD
    0x20000028        -       0x00000060   Zero   RW         2181    .bss                c_w.l(libspace.o)
    0x20000088        -       0x00000002   Zero   RW           51    .bss.DILE_flag      main.o
    0x2000008a   0x08011004   0x00000002   PAD
    0x2000008c        -       0x00000018   Zero   RW          104    .bss.List_GPDMA1_Channel0  adc.o
    0x200000a4        -       0x00000024   Zero   RW          103    .bss.Node_GPDMA1_Channel0  adc.o
    0x200000c8        -       0x00000054   Zero   RW           79    .bss.__stdout       main.o
    0x2000011c        -       0x00000006   Zero   RW           64    .bss.adc_values     main.o
    0x20000122        -       0x00000002   Zero   RW           61    .bss.all_black_flag  main.o
    0x20000124        -       0x00000002   Zero   RW           72    .bss.base_speed_turn_inner_sharp  main.o
    0x20000126        -       0x00000002   Zero   RW           46    .bss.black_num      main.o
    0x20000128        -       0x00000002   Zero   RW           48    .bss.downsomething_falg  main.o
    0x2000012a        -       0x00000002   Zero   RW           54    .bss.downsomething_num  main.o
    0x2000012c        -       0x00000002   Zero   RW           50    .bss.downsomething_ok_falg  main.o
    0x2000012e        -       0x00000002   Zero   RW           45    .bss.en_black_num_flag  main.o
    0x20000130        -       0x00000004   Zero   RW           65    .bss.flag_adc_vlau  main.o
    0x20000134        -       0x00000004   Zero   RW           75    .bss.flag_uart3_rxover  main.o
    0x20000138        -       0x00000004   Zero   RW           74    .bss.flag_uart3_tx  main.o
    0x2000013c        -       0x00000002   Zero   RW           47    .bss.getsomething_flag  main.o
    0x2000013e        -       0x00000002   Zero   RW           53    .bss.getsomething_num  main.o
    0x20000140        -       0x00000002   Zero   RW           49    .bss.getsomething_ok_flag  main.o
    0x20000142        -       0x00000002   Zero   RW           59    .bss.go_flag        main.o
    0x20000144        -       0x0000008c   Zero   RW          102    .bss.hadc1          adc.o
    0x200001d0        -       0x00000078   Zero   RW          105    .bss.handle_GPDMA1_Channel0  adc.o
    0x20000248        -       0x0000004c   Zero   RW          139    .bss.htim1          tim.o
    0x20000294        -       0x0000004c   Zero   RW          140    .bss.htim8          tim.o
    0x200002e0        -       0x00000094   Zero   RW          156    .bss.huart1         usart.o
    0x20000374        -       0x00000094   Zero   RW          157    .bss.huart3         usart.o
    0x20000408        -       0x00000002   Zero   RW           43    .bss.is_unloading_flag  main.o
    0x2000040a        -       0x00000002   Zero   RW           62    .bss.stop_1_ok      main.o
    0x2000040c        -       0x00000002   Zero   RW           63    .bss.stop_2_ok      main.o
    0x2000040e        -       0x00000002   Zero   RW           60    .bss.stop_flag      main.o
    0x20000410        -       0x00000002   Zero   RW           57    .bss.turn_Lsharp_flag  main.o
    0x20000412        -       0x00000002   Zero   RW           55    .bss.turn_Lslight_flag  main.o
    0x20000414        -       0x00000002   Zero   RW           58    .bss.turn_Rsharp_flag  main.o
    0x20000416        -       0x00000002   Zero   RW           56    .bss.turn_Rslight_flag  main.o
    0x20000418        -       0x0000001e   Zero   RW           78    .bss.tx_buffer_usart3  main.o
    0x20000436   0x08011004   0x00000002   PAD
    0x20000438        -       0x00000004   Zero   RW           44    .bss.unload_start_time  main.o
    0x2000043c        -       0x00000004   Zero   RW          675    .bss.uwTick         stm32u5xx_hal.o
    0x20000440        -       0x00000200   Zero   RW            2    HEAP                startup_stm32u575xx.o
    0x20000640        -       0x00000400   Zero   RW            1    STACK               startup_stm32u575xx.o


==============================================================================

Image component sizes


      Code (inc. data)   RO Data    RW Data    ZI Data      Debug   Object Name

       664          0          0          0        320      10399   adc.o
        56          0          0          0          0       4885   gpdma.o
       458          0          0          0          0       3074   gpio.o
        94          0          0          0          0        984   icache.o
      5146         16        535         23        176      15257   main.o
        68         28        568          0       1536        936   startup_stm32u575xx.o
       356          0          0          5          4      11403   stm32u5xx_hal.o
      7830          0          0          0          0      26524   stm32u5xx_hal_adc.o
       802          0          0          0          0      18046   stm32u5xx_hal_adc_ex.o
       478          0          0          0          0      12829   stm32u5xx_hal_cortex.o
      1522          0          0          0          0       9140   stm32u5xx_hal_dma.o
      5300          0          0          0          0      24273   stm32u5xx_hal_dma_ex.o
      1074          0        128          0          0       6311   stm32u5xx_hal_gpio.o
       352          0          0          0          0       4494   stm32u5xx_hal_icache.o
        44          0          0          0          0       2214   stm32u5xx_hal_msp.o
       420          0          0          0          0      11886   stm32u5xx_hal_pwr_ex.o
      6724          8          0          0          0      15029   stm32u5xx_hal_rcc.o
     11532         62          0          0          0      23357   stm32u5xx_hal_rcc_ex.o
      5814         22          0          0          0      39105   stm32u5xx_hal_tim.o
       980          0          0          0          0      23749   stm32u5xx_hal_tim_ex.o
      6956          0         24          0          0      26236   stm32u5xx_hal_uart.o
       558          0         16          0          0      10088   stm32u5xx_hal_uart_ex.o
        66          0          0          0          0       1189   stm32u5xx_it.o
       118          0         88          4          0       4103   system_stm32u5xx.o
       988          0          0          0        152       8993   tim.o
       682          0          0          0        296      11600   usart.o

    ----------------------------------------------------------------------
     59246        136       1392         36       2492     326104   Object Totals
         0          0         32          0          0          0   (incl. Generated)
       164          0          1          4          8          0   (incl. Padding)

    ----------------------------------------------------------------------

      Code (inc. data)   RO Data    RW Data    ZI Data      Debug   Library Member Name

         8          0          0          0          0         68   __main.o
       392          4         17          0          0         92   __printf_flags_ss_wp.o
        14          0          0          0          0         68   __printf_wp.o
         0          0          0          0          0          0   __rtentry.o
        12          0          0          0          0          0   __rtentry2.o
         6          0          0          0          0          0   __rtentry4.o
        94          8          0          0          0          0   __scatter.o
        26          0          0          0          0          0   __scatter_copy.o
        28          0          0          0          0          0   __scatter_zi.o
        72          0          0          0          0         96   _c16rtomb.o
         6          0          0          0          0          0   _printf_a.o
         6          0          0          0          0          0   _printf_c.o
        44          0          0          0          0        108   _printf_char.o
        48          6          0          0          0         96   _printf_char_common.o
        36          4          0          0          0         80   _printf_char_file.o
        40          0          0          0          0         68   _printf_charcount.o
         6          0          0          0          0          0   _printf_d.o
       120         16          0          0          0         92   _printf_dec.o
         6          0          0          0          0          0   _printf_e.o
         6          0          0          0          0          0   _printf_f.o
      1052          0          0          0          0        148   _printf_fp_dec.o
       764          8         38          0          0        100   _printf_fp_hex.o
       128         16          0          0          0         84   _printf_fp_infnan.o
         6          0          0          0          0          0   _printf_g.o
       148          4         40          0          0        160   _printf_hex_int_ll_ptr.o
         6          0          0          0          0          0   _printf_i.o
       178          0          0          0          0         88   _printf_intcommon.o
        10          0          0          0          0          0   _printf_l.o
         6          0          0          0          0          0   _printf_lc.o
        10          0          0          0          0          0   _printf_ll.o
         6          0          0          0          0          0   _printf_lld.o
         6          0          0          0          0          0   _printf_lli.o
         6          0          0          0          0          0   _printf_llo.o
         6          0          0          0          0          0   _printf_llu.o
         6          0          0          0          0          0   _printf_llx.o
       124         16          0          0          0         92   _printf_longlong_dec.o
         6          0          0          0          0          0   _printf_ls.o
         6          0          0          0          0          0   _printf_n.o
         6          0          0          0          0          0   _printf_o.o
       112          8          0          0          0        124   _printf_oct_int_ll.o
         6          0          0          0          0          0   _printf_p.o
        78          0          0          0          0        108   _printf_pad.o
         0          0          0          0          0          0   _printf_percent.o
         4          0          0          0          0          0   _printf_percent_end.o
         6          0          0          0          0          0   _printf_s.o
        82          0          0          0          0         80   _printf_str.o
        36          0          0          0          0         84   _printf_truncate.o
         6          0          0          0          0          0   _printf_u.o
        44          0          0          0          0        108   _printf_wchar.o
       188          6          8          0          0         92   _printf_wctomb.o
         6          0          0          0          0          0   _printf_x.o
        10          0          0          0          0         68   _sputc.o
       228          4        148          0          0         96   bigflt0.o
      1936        128          0          0          0        668   btod.o
        18          0          0          0          0         80   exit.o
         8          0          0          0          0         68   ferror.o
         6          0          0          0          0        152   heapauxi.o
        44         10        272          0          0         76   lc_ctype_c.o
        44         10         28          0          0         76   lc_numeric_c.o
         2          0          0          0          0          0   libinit.o
        34          0          0          0          0          0   libinit2.o
         2          0          0          0          0          0   libshutdown.o
         2          0          0          0          0          0   libshutdown2.o
         8          4          0          0         96         68   libspace.o
       138          0          0          0          0         80   lludiv10.o
       240          0          0          0          0        100   lludivv7m.o
        24          4          0          0          0         84   printf.o
        16          4          0          0          0         76   rt_ctype_table.o
         8          4          0          0          0         68   rt_locale_intlibspace.o
        78          0          0          0          0         80   rt_memclr_w.o
         2          0          0          0          0          0   rtexit.o
        10          0          0          0          0          0   rtexit2.o
        44          6          0          0          0         84   sprintf.o
       124          0          0          0          0         88   strcmpv8m_maindsp.o
        62          0          0          0          0         76   strlen.o
        74          0          0          0          0         80   sys_stackheap_outer.o
         2          0          0          0          0         68   use_no_semi.o
         2          0          0          0          0         68   use_no_semi_2.o
       812         16          0          0          0        392   daddsub_clz.o
        94          4          0          0          0        140   dfix.o
        46          0          0          0          0        116   dflt_clz.o
       156          4          0          0          0        140   dnaninf.o
        12          0          0          0          0        116   dretinf.o
        26          0          0          0          0        116   fpinit.o
         4          0          0          0          0        116   printf1.o
         4          0          0          0          0        116   printf2.o
         0          0          0          0          0          0   usenofp.o
        48          0          0          0          0        124   fpclassify.o

    ----------------------------------------------------------------------
      8406        294        552          0         96       5716   Library Totals
        20          0          1          0          0          0   (incl. Padding)

    ----------------------------------------------------------------------

      Code (inc. data)   RO Data    RW Data    ZI Data      Debug   Library Name

      7184        270        551          0         96       4340   c_w.l
      1154         24          0          0          0       1252   fz_wm.l
        48          0          0          0          0        124   m_wm.l

    ----------------------------------------------------------------------
      8406        294        552          0         96       5716   Library Totals

    ----------------------------------------------------------------------

==============================================================================


      Code (inc. data)   RO Data    RW Data    ZI Data      Debug   

     67652        430       1944         36       2588     328268   Grand Totals
     67652        430       1944         36       2588     328268   ELF Image Totals
     67652        430       1944         36          0          0   ROM Totals

==============================================================================

    Total RO  Size (Code + RO Data)                69596 (  67.96kB)
    Total RW  Size (RW Data + ZI Data)              2624 (   2.56kB)
    Total ROM Size (Code + RO Data + RW Data)      69632 (  68.00kB)

==============================================================================

