<html>
<body>
<pre>
<h1>�Vision Build Log</h1>
<h2>Tool Versions:</h2>
IDE-Version: ��Vision V5.41.0.0
Copyright (C) 2024 ARM Ltd and ARM Germany GmbH. All rights reserved.
License Information:  ,  , LIC=YA39H-WU7UJ-63NMB-2LC9P-NK0DP-ZZBZ2
 
Tool Versions:
Toolchain:       MDK-ARM Plus  Version: 5.41.0.0
Toolchain Path:  E:\Keil555\ARM\ARMCLANG\Bin
C Compiler:      ArmClang.exe V6.22
Assembler:       Armasm.exe V6.22
Linker/Locator:  ArmLink.exe V6.22
Library Manager: ArmAr.exe V6.22
Hex Converter:   FromElf.exe V6.22
CPU DLL:         
Dialog DLL:      
Target DLL:      STLink\ST-LINKIII-KEIL_SWO.dll V3.3.0.0
Dialog DLL:      TCM.DLL V1.56.4.0
 
<h2>Project:</h2>
E:\STM32U575_Car\6.car(now)\MDK-ARM\car.uvprojx
Project File Date:  07/05/2025

<h2>Output:</h2>
*** Using Compiler 'V6.22', folder: 'E:\Keil555\ARM\ARMCLANG\Bin'
Build target 'car'
warning: unknown warning option '-Wno-reserved-identifier'; did you mean '-Wno-reserved-id-macro'? [-Wunknown-warning-option]
../Core/Src/main.c(369): warning: illegal character encoding in string literal [-Winvalid-source-encoding]
                         printf("<B5><BD><B4><EF><B4><FD><C3><FC><C7><F8><A3><AC><U+05FC><B1><B8>ͣ<B3><B5><A1><A3>\r\n");
                                 ^~~~~~~~~~~~~~~~~~~~~~~~~~~~~~~~~~~~~~~~~~~~~~~~        ~~~~~~~~~~~~~~~~~~~~~~~~
../Core/Src/main.c(398): warning: illegal character encoding in string literal [-Winvalid-source-encoding]
                                         printf("<D2>ѵ<BD><B4><EF>ȡ<BB><F5><B5>㣬<CF><F2>ESP8266<B7><A2><CB><CD>: %s\r\n", tx_buffer_usart3);
                                                 ^~~~ ~~~~~~~~~~~~ ~~~~~~~~~~~~  ~~~~~~~~       ~~~~~~~~~~~~~~~~
../Core/Src/main.c(417): warning: illegal character encoding in string literal [-Winvalid-source-encoding]
                                         printf("<C6><F4><B6><AF>ж<BB><F5><C1><F7><B3><CC>...\r\n");
                                                 ^~~~~~~~~~~~~~~~ ~~~~~~~~~~~~~~~~~~~~~~~~
../Core/Src/main.c(429): warning: illegal character encoding in string literal [-Winvalid-source-encoding]
                                         printf("<D2><D1><CD><EA><B3><C9>ж<BB><F5><A3><AC><CF><F2>ESP8266<B7><A2><CB><CD>: %s\r\n", tx_buffer_usart3);
                                                 ^~~~~~~~~~~~~~~~~~~~~~~~ ~~~~~~~~~~~~~~~~~~~~~~~~       ~~~~~~~~~~~~~~~~
../Core/Src/main.c(475): warning: illegal character encoding in string literal [-Winvalid-source-encoding]
            printf("ж<BB><F5><B6><AF><D7><F7><CD><EA><B3>ɣ<AC><BC><EC><B2><E9><BD><E1><B9><FB><A1><A3>\r\n");
                     ^~~~~~~~~~~~~~~~~~~~~~~~~~~~~~~~~~~~ ~~~~~~~~~~~~~~~~~~~~~~~~~~~~~~~~~~~~~~~~~~~~
../Core/Src/main.c(502): warning: illegal character encoding in string literal [-Winvalid-source-encoding]
                printf("<B5><B9><B3><B5>\r\n");
                        ^~~~~~~~~~~~~~~~
../Core/Src/main.c(506): warning: illegal character encoding in string literal [-Winvalid-source-encoding]
                printf("ͣ<B3><B5>\r\n");
                        ^~~~~~~~
8 warnings generated.
compiling main.c...
linking...
Program Size: Code=67412 RO-data=1944 RW-data=36 ZI-data=2588  
FromELF: creating hex file...
"car\car.axf" - 0 Error(s), 8 Warning(s).

<h2>Software Packages used:</h2>

Package Vendor: ARM
                https://www.keil.com/pack/ARM.CMSIS.6.1.0.pack
                ARM::CMSIS@6.1.0
                CMSIS (Common Microcontroller Software Interface Standard)
   * Component: CORE Version: 6.1.0

Package Vendor: Keil
                https://www.keil.com/pack/Keil.STM32U5xx_DFP.3.0.0.pack
                Keil::STM32U5xx_DFP@3.0.0
                STMicroelectronics STM32U5 Series Device Support

<h2>Collection of Component include folders:</h2>
  ./RTE/_car
  E:/Keil555/Packs/ARM/CMSIS/6.1.0/CMSIS/Core/Include

<h2>Collection of Component Files used:</h2>

   * Component: ARM::CMSIS:CORE@6.1.0
      Include file:  CMSIS/Core/Include/tz_context.h
Build Time Elapsed:  00:00:05
</pre>
</body>
</html>
